Component: ARM Compiler 5.06 update 6 (build 750) Tool: armlink [4d35ed]

==============================================================================

Section Cross References

    startup_stm32f103xb.o(STACK) refers (Special) to heapauxi.o(.text) for __use_two_region_memory
    startup_stm32f103xb.o(HEAP) refers (Special) to heapauxi.o(.text) for __use_two_region_memory
    startup_stm32f103xb.o(RESET) refers (Special) to heapauxi.o(.text) for __use_two_region_memory
    startup_stm32f103xb.o(RESET) refers to startup_stm32f103xb.o(STACK) for __initial_sp
    startup_stm32f103xb.o(RESET) refers to startup_stm32f103xb.o(.text) for Reset_Handler
    startup_stm32f103xb.o(RESET) refers to stm32f1xx_it.o(i.NMI_Handler) for NMI_Handler
    startup_stm32f103xb.o(RESET) refers to stm32f1xx_it.o(i.HardFault_Handler) for HardFault_Handler
    startup_stm32f103xb.o(RESET) refers to stm32f1xx_it.o(i.MemManage_Handler) for MemManage_Handler
    startup_stm32f103xb.o(RESET) refers to stm32f1xx_it.o(i.BusFault_Handler) for BusFault_Handler
    startup_stm32f103xb.o(RESET) refers to stm32f1xx_it.o(i.UsageFault_Handler) for UsageFault_Handler
    startup_stm32f103xb.o(RESET) refers to stm32f1xx_it.o(i.SVC_Handler) for SVC_Handler
    startup_stm32f103xb.o(RESET) refers to stm32f1xx_it.o(i.DebugMon_Handler) for DebugMon_Handler
    startup_stm32f103xb.o(RESET) refers to stm32f1xx_it.o(i.PendSV_Handler) for PendSV_Handler
    startup_stm32f103xb.o(RESET) refers to stm32f1xx_it.o(i.SysTick_Handler) for SysTick_Handler
    startup_stm32f103xb.o(.text) refers (Special) to heapauxi.o(.text) for __use_two_region_memory
    startup_stm32f103xb.o(.text) refers to system_stm32f1xx.o(i.SystemInit) for SystemInit
    startup_stm32f103xb.o(.text) refers to __main.o(!!!main) for __main
    startup_stm32f103xb.o(.text) refers to startup_stm32f103xb.o(HEAP) for Heap_Mem
    startup_stm32f103xb.o(.text) refers to startup_stm32f103xb.o(STACK) for Stack_Mem
    main.o(i.MX_GPIO_Init) refers to stm32f1xx_hal_gpio.o(i.HAL_GPIO_WritePin) for HAL_GPIO_WritePin
    main.o(i.MX_GPIO_Init) refers to stm32f1xx_hal_gpio.o(i.HAL_GPIO_Init) for HAL_GPIO_Init
    main.o(i.MX_SPI2_Init) refers to stm32f1xx_hal_spi.o(i.HAL_SPI_Init) for HAL_SPI_Init
    main.o(i.MX_SPI2_Init) refers to main.o(.bss) for .bss
    main.o(i.Read_And_Control) refers to stm32f1xx_hal_gpio.o(i.HAL_GPIO_ReadPin) for HAL_GPIO_ReadPin
    main.o(i.Read_And_Control) refers to stm32f1xx_hal_gpio.o(i.HAL_GPIO_TogglePin) for HAL_GPIO_TogglePin
    main.o(i.Read_And_Control) refers to main.o(.data) for .data
    main.o(i.SystemClock_Config) refers to rt_memclr_w.o(.text) for __aeabi_memclr4
    main.o(i.SystemClock_Config) refers to stm32f1xx_hal_rcc.o(i.HAL_RCC_OscConfig) for HAL_RCC_OscConfig
    main.o(i.SystemClock_Config) refers to stm32f1xx_hal_rcc.o(i.HAL_RCC_ClockConfig) for HAL_RCC_ClockConfig
    main.o(i.main) refers to stm32f1xx_hal.o(i.HAL_Init) for HAL_Init
    main.o(i.main) refers to main.o(i.SystemClock_Config) for SystemClock_Config
    main.o(i.main) refers to main.o(i.MX_GPIO_Init) for MX_GPIO_Init
    main.o(i.main) refers to main.o(i.MX_SPI2_Init) for MX_SPI2_Init
    main.o(i.main) refers to rt_memcpy_w.o(.text) for __aeabi_memcpy4
    main.o(i.main) refers to my_nrf24.o(i.NRF24_Begin) for NRF24_Begin
    main.o(i.main) refers to my_nrf24.o(i.NRF24_OpenWritingPipe) for NRF24_OpenWritingPipe
    main.o(i.main) refers to my_nrf24.o(i.NRF24_OpenReadingPipe) for NRF24_OpenReadingPipe
    main.o(i.main) refers to my_nrf24.o(i.NRF24_SetChannel) for NRF24_SetChannel
    main.o(i.main) refers to my_nrf24.o(i.NRF24_SetDataRate) for NRF24_SetDataRate
    main.o(i.main) refers to my_nrf24.o(i.NRF24_SetPALevel) for NRF24_SetPALevel
    main.o(i.main) refers to my_nrf24.o(i.NRF24_EnableDynamicPayloads) for NRF24_EnableDynamicPayloads
    main.o(i.main) refers to my_nrf24.o(i.NRF24_SetAutoAck) for NRF24_SetAutoAck
    main.o(i.main) refers to my_nrf24.o(i.NRF24_SetRetries) for NRF24_SetRetries
    main.o(i.main) refers to my_nrf24.o(i.NRF24_StartListening) for NRF24_StartListening
    main.o(i.main) refers to stm32f1xx_hal.o(i.HAL_GetTick) for HAL_GetTick
    main.o(i.main) refers to my_nrf24.o(i.NRF24_Available) for NRF24_Available
    main.o(i.main) refers to my_nrf24.o(i.NRF24_GetDynamicPayloadSize) for NRF24_GetDynamicPayloadSize
    main.o(i.main) refers to calloc.o(.text) for calloc
    main.o(i.main) refers to my_nrf24.o(i.NRF24_Read) for NRF24_Read
    main.o(i.main) refers to stm32f1xx_hal_gpio.o(i.HAL_GPIO_TogglePin) for HAL_GPIO_TogglePin
    main.o(i.main) refers to stm32f1xx_hal_gpio.o(i.HAL_GPIO_WritePin) for HAL_GPIO_WritePin
    main.o(i.main) refers to rt_memcpy_v6.o(.text) for __aeabi_memcpy
    main.o(i.main) refers to stm32f1xx_hal.o(i.HAL_Delay) for HAL_Delay
    main.o(i.main) refers to my_nrf24.o(i.NRF24_StopListening) for NRF24_StopListening
    main.o(i.main) refers to my_nrf24.o(i.NRF24_Write) for NRF24_Write
[...]
    Removing stm32f1xx_hal_rcc_ex.o(.rev16_text), (4 bytes).
    Removing stm32f1xx_hal_rcc_ex.o(.revsh_text), (4 bytes).
    Removing stm32f1xx_hal_rcc_ex.o(.rrx_text), (6 bytes).
    Removing stm32f1xx_hal_rcc_ex.o(i.HAL_RCCEx_GetPeriphCLKConfig), (44 bytes).
    Removing stm32f1xx_hal_rcc_ex.o(i.HAL_RCCEx_GetPeriphCLKFreq), (164 bytes).
    Removing stm32f1xx_hal_rcc_ex.o(i.HAL_RCCEx_PeriphCLKConfig), (236 bytes).
    Removing stm32f1xx_hal_rcc_ex.o(.constdata), (18 bytes).
    Removing stm32f1xx_hal_gpio.o(.rev16_text), (4 bytes).
    Removing stm32f1xx_hal_gpio.o(.revsh_text), (4 bytes).
    Removing stm32f1xx_hal_gpio.o(.rrx_text), (6 bytes).
    Removing stm32f1xx_hal_gpio.o(i.HAL_GPIO_DeInit), (280 bytes).
    Removing stm32f1xx_hal_gpio.o(i.HAL_GPIO_EXTI_Callback), (2 bytes).
    Removing stm32f1xx_hal_gpio.o(i.HAL_GPIO_EXTI_IRQHandler), (24 bytes).
    Removing stm32f1xx_hal_gpio.o(i.HAL_GPIO_LockPin), (34 bytes).
    Removing stm32f1xx_hal_dma.o(.rev16_text), (4 bytes).
    Removing stm32f1xx_hal_dma.o(.revsh_text), (4 bytes).
    Removing stm32f1xx_hal_dma.o(.rrx_text), (6 bytes).
    Removing stm32f1xx_hal_dma.o(i.DMA_SetConfig), (42 bytes).
    Removing stm32f1xx_hal_dma.o(i.HAL_DMA_Abort), (70 bytes).
    Removing stm32f1xx_hal_dma.o(i.HAL_DMA_Abort_IT), (152 bytes).
    Removing stm32f1xx_hal_dma.o(i.HAL_DMA_DeInit), (92 bytes).
    Removing stm32f1xx_hal_dma.o(i.HAL_DMA_GetError), (4 bytes).
    Removing stm32f1xx_hal_dma.o(i.HAL_DMA_GetState), (6 bytes).
    Removing stm32f1xx_hal_dma.o(i.HAL_DMA_IRQHandler), (340 bytes).
    Removing stm32f1xx_hal_dma.o(i.HAL_DMA_Init), (92 bytes).
    Removing stm32f1xx_hal_dma.o(i.HAL_DMA_PollForTransfer), (532 bytes).
    Removing stm32f1xx_hal_dma.o(i.HAL_DMA_RegisterCallback), (74 bytes).
    Removing stm32f1xx_hal_dma.o(i.HAL_DMA_Start), (80 bytes).
    Removing stm32f1xx_hal_dma.o(i.HAL_DMA_Start_IT), (112 bytes).
    Removing stm32f1xx_hal_dma.o(i.HAL_DMA_UnRegisterCallback), (82 bytes).
    Removing stm32f1xx_hal_cortex.o(.rev16_text), (4 bytes).
    Removing stm32f1xx_hal_cortex.o(.revsh_text), (4 bytes).
    Removing stm32f1xx_hal_cortex.o(.rrx_text), (6 bytes).
    Removing stm32f1xx_hal_cortex.o(i.HAL_NVIC_ClearPendingIRQ), (26 bytes).
    Removing stm32f1xx_hal_cortex.o(i.HAL_NVIC_DisableIRQ), (34 bytes).
    Removing stm32f1xx_hal_cortex.o(i.HAL_NVIC_EnableIRQ), (26 bytes).
    Removing stm32f1xx_hal_cortex.o(i.HAL_NVIC_GetActive), (36 bytes).
    Removing stm32f1xx_hal_cortex.o(i.HAL_NVIC_GetPendingIRQ), (36 bytes).
    Removing stm32f1xx_hal_cortex.o(i.HAL_NVIC_GetPriority), (82 bytes).
    Removing stm32f1xx_hal_cortex.o(i.HAL_NVIC_GetPriorityGrouping), (16 bytes).
    Removing stm32f1xx_hal_cortex.o(i.HAL_NVIC_SetPendingIRQ), (26 bytes).
    Removing stm32f1xx_hal_cortex.o(i.HAL_NVIC_SystemReset), (36 bytes).
    Removing stm32f1xx_hal_cortex.o(i.HAL_SYSTICK_CLKSourceConfig), (24 bytes).
    Removing stm32f1xx_hal_cortex.o(i.HAL_SYSTICK_Callback), (2 bytes).
    Removing stm32f1xx_hal_cortex.o(i.HAL_SYSTICK_IRQHandler), (8 bytes).
    Removing stm32f1xx_hal_pwr.o(.rev16_text), (4 bytes).
    Removing stm32f1xx_hal_pwr.o(.revsh_text), (4 bytes).
    Removing stm32f1xx_hal_pwr.o(.rrx_text), (6 bytes).
    Removing stm32f1xx_hal_pwr.o(i.HAL_PWR_ConfigPVD), (124 bytes).
    Removing stm32f1xx_hal_pwr.o(i.HAL_PWR_DeInit), (24 bytes).
    Removing stm32f1xx_hal_pwr.o(i.HAL_PWR_DisableBkUpAccess), (12 bytes).
    Removing stm32f1xx_hal_pwr.o(i.HAL_PWR_DisablePVD), (12 bytes).
    Removing stm32f1xx_hal_pwr.o(i.HAL_PWR_DisableSEVOnPend), (16 bytes).
    Removing stm32f1xx_hal_pwr.o(i.HAL_PWR_DisableSleepOnExit), (16 bytes).
    Removing stm32f1xx_hal_pwr.o(i.HAL_PWR_DisableWakeUpPin), (28 bytes).
    Removing stm32f1xx_hal_pwr.o(i.HAL_PWR_EnableBkUpAccess), (12 bytes).
    Removing stm32f1xx_hal_pwr.o(i.HAL_PWR_EnablePVD), (12 bytes).
    Removing stm32f1xx_hal_pwr.o(i.HAL_PWR_EnableSEVOnPend), (16 bytes).
    Removing stm32f1xx_hal_pwr.o(i.HAL_PWR_EnableSleepOnExit), (16 bytes).
    Removing stm32f1xx_hal_pwr.o(i.HAL_PWR_EnableWakeUpPin), (28 bytes).
    Removing stm32f1xx_hal_pwr.o(i.HAL_PWR_EnterSLEEPMode), (32 bytes).
    Removing stm32f1xx_hal_pwr.o(i.HAL_PWR_EnterSTANDBYMode), (32 bytes).
    Removing stm32f1xx_hal_pwr.o(i.HAL_PWR_EnterSTOPMode), (68 bytes).
    Removing stm32f1xx_hal_pwr.o(i.HAL_PWR_PVDCallback), (2 bytes).
    Removing stm32f1xx_hal_pwr.o(i.HAL_PWR_PVD_IRQHandler), (28 bytes).
    Removing stm32f1xx_hal_pwr.o(i.PWR_OverloadWfe), (6 bytes).
    Removing stm32f1xx_hal_flash.o(.rev16_text), (4 bytes).
    Removing stm32f1xx_hal_flash.o(.revsh_text), (4 bytes).
    Removing stm32f1xx_hal_flash.o(.rrx_text), (6 bytes).
    Removing stm32f1xx_hal_flash.o(i.FLASH_Program_HalfWord), (28 bytes).
    Removing stm32f1xx_hal_flash.o(i.FLASH_SetErrorCode), (92 bytes).
    Removing stm32f1xx_hal_flash.o(i.FLASH_WaitForLastOperation), (84 bytes).
    Removing stm32f1xx_hal_flash.o(i.HAL_FLASH_EndOfOperationCallback), (2 bytes).
    Removing stm32f1xx_hal_flash.o(i.HAL_FLASH_GetError), (12 bytes).
    Removing stm32f1xx_hal_flash.o(i.HAL_FLASH_IRQHandler), (264 bytes).
    Removing stm32f1xx_hal_flash.o(i.HAL_FLASH_Lock), (20 bytes).
    Removing stm32f1xx_hal_flash.o(i.HAL_FLASH_OB_Launch), (4 bytes).
    Removing stm32f1xx_hal_flash.o(i.HAL_FLASH_OB_Lock), (20 bytes).
    Removing stm32f1xx_hal_flash.o(i.HAL_FLASH_OB_Unlock), (36 bytes).
    Removing stm32f1xx_hal_flash.o(i.HAL_FLASH_OperationErrorCallback), (2 bytes).
    Removing stm32f1xx_hal_flash.o(i.HAL_FLASH_Program), (128 bytes).
    Removing stm32f1xx_hal_flash.o(i.HAL_FLASH_Program_IT), (100 bytes).
    Removing stm32f1xx_hal_flash.o(i.HAL_FLASH_Unlock), (40 bytes).
    Removing stm32f1xx_hal_flash.o(.bss), (32 bytes).
    Removing stm32f1xx_hal_flash_ex.o(.rev16_text), (4 bytes).
    Removing stm32f1xx_hal_flash_ex.o(.revsh_text), (4 bytes).
    Removing stm32f1xx_hal_flash_ex.o(.rrx_text), (6 bytes).
    Removing stm32f1xx_hal_flash_ex.o(i.FLASH_MassErase), (36 bytes).
    Removing stm32f1xx_hal_flash_ex.o(i.FLASH_OB_DisableWRP), (176 bytes).
    Removing stm32f1xx_hal_flash_ex.o(i.FLASH_OB_EnableWRP), (176 bytes).
    Removing stm32f1xx_hal_flash_ex.o(i.FLASH_OB_GetRDP), (24 bytes).
    Removing stm32f1xx_hal_flash_ex.o(i.FLASH_OB_RDP_LevelConfig), (100 bytes).
    Removing stm32f1xx_hal_flash_ex.o(i.FLASH_PageErase), (36 bytes).
    Removing stm32f1xx_hal_flash_ex.o(i.HAL_FLASHEx_Erase), (168 bytes).
    Removing stm32f1xx_hal_flash_ex.o(i.HAL_FLASHEx_Erase_IT), (84 bytes).
    Removing stm32f1xx_hal_flash_ex.o(i.HAL_FLASHEx_OBErase), (84 bytes).
    Removing stm32f1xx_hal_flash_ex.o(i.HAL_FLASHEx_OBGetConfig), (36 bytes).
    Removing stm32f1xx_hal_flash_ex.o(i.HAL_FLASHEx_OBGetUserData), (32 bytes).
    Removing stm32f1xx_hal_flash_ex.o(i.HAL_FLASHEx_OBProgram), (200 bytes).
    Removing stm32f1xx_hal_exti.o(.rev16_text), (4 bytes).
    Removing stm32f1xx_hal_exti.o(.revsh_text), (4 bytes).
    Removing stm32f1xx_hal_exti.o(.rrx_text), (6 bytes).
    Removing stm32f1xx_hal_exti.o(i.HAL_EXTI_ClearConfigLine), (104 bytes).
    Removing stm32f1xx_hal_exti.o(i.HAL_EXTI_ClearPending), (20 bytes).
    Removing stm32f1xx_hal_exti.o(i.HAL_EXTI_GenerateSWI), (20 bytes).
    Removing stm32f1xx_hal_exti.o(i.HAL_EXTI_GetConfigLine), (140 bytes).
    Removing stm32f1xx_hal_exti.o(i.HAL_EXTI_GetHandle), (12 bytes).
    Removing stm32f1xx_hal_exti.o(i.HAL_EXTI_GetPending), (24 bytes).
    Removing stm32f1xx_hal_exti.o(i.HAL_EXTI_IRQHandler), (36 bytes).
    Removing stm32f1xx_hal_exti.o(i.HAL_EXTI_RegisterCallback), (14 bytes).
    Removing stm32f1xx_hal_exti.o(i.HAL_EXTI_SetConfigLine), (164 bytes).
    Removing stm32f1xx_hal_tim.o(.rev16_text), (4 bytes).
    Removing stm32f1xx_hal_tim.o(.revsh_text), (4 bytes).
    Removing stm32f1xx_hal_tim.o(.rrx_text), (6 bytes).
    Removing stm32f1xx_hal_tim_ex.o(.rev16_text), (4 bytes).
    Removing stm32f1xx_hal_tim_ex.o(.revsh_text), (4 bytes).
    Removing stm32f1xx_hal_tim_ex.o(.rrx_text), (6 bytes).
    Removing system_stm32f1xx.o(.rev16_text), (4 bytes).
    Removing system_stm32f1xx.o(.revsh_text), (4 bytes).
    Removing system_stm32f1xx.o(.rrx_text), (6 bytes).
    Removing system_stm32f1xx.o(i.SystemCoreClockUpdate), (104 bytes).
    Removing system_stm32f1xx.o(.constdata), (8 bytes).
    Removing my_nrf24.o(.rev16_text), (4 bytes).
    Removing my_nrf24.o(.revsh_text), (4 bytes).
    Removing my_nrf24.o(.rrx_text), (6 bytes).
    Removing my_nrf24.o(i.NRF24_DelayMicroSeconds), (28 bytes).
    Removing my_nrf24.o(i.NRF24_DisableCRC), (22 bytes).
    Removing my_nrf24.o(i.NRF24_EnableAckPayload), (66 bytes).
    Removing my_nrf24.o(i.NRF24_GetAckPayloadSize), (12 bytes).
    Removing my_nrf24.o(i.NRF24_GetCRCLength), (32 bytes).
    Removing my_nrf24.o(i.NRF24_GetDataRate), (32 bytes).
    Removing my_nrf24.o(i.NRF24_GetPALevel), (40 bytes).
    Removing my_nrf24.o(i.NRF24_GetPayloadSize), (12 bytes).
    Removing my_nrf24.o(i.NRF24_IsAckPayloadAvailable), (16 bytes).
    Removing my_nrf24.o(i.NRF24_IsNRF_Plus), (12 bytes).
    Removing my_nrf24.o(i.NRF24_PowerUp), (22 bytes).
    Removing my_nrf24.o(i.NRF24_SetAutoAckPipe), (44 bytes).
    Removing my_nrf24.o(i.NRF24_TestCarrier), (14 bytes).
    Removing my_nrf24.o(i.NRF24_TestRPD), (14 bytes).
    Removing my_nrf24.o(i.NRF24_WriteAckPayload), (46 bytes).

245 unused section(s) (total 11262 bytes) removed from the image.

==============================================================================

Image Symbol Table

    Local Symbols

    Symbol Name                              Value     Ov Type        Size  Object(Section)

    ../Core/Src/main.c                       0x00000000   Number         0  main.o ABSOLUTE
    ../Core/Src/stm32f1xx_hal_msp.c          0x00000000   Number         0  stm32f1xx_hal_msp.o ABSOLUTE
    ../Core/Src/stm32f1xx_it.c               0x00000000   Number         0  stm32f1xx_it.o ABSOLUTE
    ../Core/Src/system_stm32f1xx.c           0x00000000   Number         0  system_stm32f1xx.o ABSOLUTE
    ../Drivers/STM32F1xx_HAL_Driver/Src/stm32f1xx_hal.c 0x00000000   Number         0  stm32f1xx_hal.o ABSOLUTE
    ../Drivers/STM32F1xx_HAL_Driver/Src/stm32f1xx_hal_cortex.c 0x00000000   Number         0  stm32f1xx_hal_cortex.o ABSOLUTE
    ../Drivers/STM32F1xx_HAL_Driver/Src/stm32f1xx_hal_dma.c 0x00000000   Number         0  stm32f1xx_hal_dma.o ABSOLUTE
    ../Drivers/STM32F1xx_HAL_Driver/Src/stm32f1xx_hal_exti.c 0x00000000   Number         0  stm32f1xx_hal_exti.o ABSOLUTE
    ../Drivers/STM32F1xx_HAL_Driver/Src/stm32f1xx_hal_flash.c 0x00000000   Number         0  stm32f1xx_hal_flash.o ABSOLUTE
    ../Drivers/STM32F1xx_HAL_Driver/Src/stm32f1xx_hal_flash_ex.c 0x00000000   Number         0  stm32f1xx_hal_flash_ex.o ABSOLUTE
    ../Drivers/STM32F1xx_HAL_Driver/Src/stm32f1xx_hal_gpio.c 0x00000000   Number         0  stm32f1xx_hal_gpio.o ABSOLUTE
    ../Drivers/STM32F1xx_HAL_Driver/Src/stm32f1xx_hal_gpio_ex.c 0x00000000   Number         0  stm32f1xx_hal_gpio_ex.o ABSOLUTE
    ../Drivers/STM32F1xx_HAL_Driver/Src/stm32f1xx_hal_pwr.c 0x00000000   Number         0  stm32f1xx_hal_pwr.o ABSOLUTE
    ../Drivers/STM32F1xx_HAL_Driver/Src/stm32f1xx_hal_rcc.c 0x00000000   Number         0  stm32f1xx_hal_rcc.o ABSOLUTE
    ../Drivers/STM32F1xx_HAL_Driver/Src/stm32f1xx_hal_rcc_ex.c 0x00000000   Number         0  stm32f1xx_hal_rcc_ex.o ABSOLUTE
    ../Drivers/STM32F1xx_HAL_Driver/Src/stm32f1xx_hal_spi.c 0x00000000   Number         0  stm32f1xx_hal_spi.o ABSOLUTE
    ../Drivers/STM32F1xx_HAL_Driver/Src/stm32f1xx_hal_tim.c 0x00000000   Number         0  stm32f1xx_hal_tim.o ABSOLUTE
    ../Drivers/STM32F1xx_HAL_Driver/Src/stm32f1xx_hal_tim_ex.c 0x00000000   Number         0  stm32f1xx_hal_tim_ex.o ABSOLUTE
    ../clib/angel/boardlib.s                 0x00000000   Number         0  boardinit2.o ABSOLUTE
    ../clib/angel/boardlib.s                 0x00000000   Number         0  boardinit3.o ABSOLUTE
    ../clib/angel/boardlib.s                 0x00000000   Number         0  boardshut.o ABSOLUTE
    ../clib/angel/boardlib.s                 0x00000000   Number         0  boardinit1.o ABSOLUTE
    ../clib/angel/handlers.s                 0x00000000   Number         0  __scatter_zi.o ABSOLUTE
    ../clib/angel/handlers.s                 0x00000000   Number         0  __scatter_copy.o ABSOLUTE
    ../clib/angel/kernel.s                   0x00000000   Number         0  __rtentry4.o ABSOLUTE
    ../clib/angel/kernel.s                   0x00000000   Number         0  rtexit.o ABSOLUTE
    ../clib/angel/kernel.s                   0x00000000   Number         0  rtexit2.o ABSOLUTE
    ../clib/angel/kernel.s                   0x00000000   Number         0  __rtentry.o ABSOLUTE
    ../clib/angel/kernel.s                   0x00000000   Number         0  __rtentry2.o ABSOLUTE
    ../clib/angel/rt.s                       0x00000000   Number         0  rt_heap_descriptor_intlibspace.o ABSOLUTE
    ../clib/angel/rt.s                       0x00000000   Number         0  rt_heap_descriptor.o ABSOLUTE
    ../clib/angel/rt.s                       0x00000000   Number         0  rt_raise.o ABSOLUTE
    ../clib/angel/scatter.s                  0x00000000   Number         0  __scatter.o ABSOLUTE
    ../clib/angel/startup.s                  0x00000000   Number         0  __main.o ABSOLUTE
    ../clib/angel/sys.s                      0x00000000   Number         0  indicate_semi.o ABSOLUTE
    ../clib/angel/sys.s                      0x00000000   Number         0  mutex_dummy.o ABSOLUTE
    ../clib/angel/sys.s                      0x00000000   Number         0  use_no_semi.o ABSOLUTE
    ../clib/angel/sys.s                      0x00000000   Number         0  sys_stackheap_outer.o ABSOLUTE
    ../clib/angel/sys.s                      0x00000000   Number         0  libspace.o ABSOLUTE
    ../clib/angel/sysapp.c                   0x00000000   Number         0  sys_exit.o ABSOLUTE
    ../clib/angel/sysapp.c                   0x00000000   Number         0  sys_wrch.o ABSOLUTE
    ../clib/angel/sysapp.c                   0x00000000   Number         0  sys_command.o ABSOLUTE
    ../clib/armsys.c                         0x00000000   Number         0  _get_argv_nomalloc.o ABSOLUTE
    ../clib/armsys.c                         0x00000000   Number         0  no_argv.o ABSOLUTE
    ../clib/armsys.c                         0x00000000   Number         0  argv_veneer.o ABSOLUTE
    ../clib/armsys.c                         0x00000000   Number         0  argv_veneer.o ABSOLUTE
    ../clib/armsys.c                         0x00000000   Number         0  _get_argv.o ABSOLUTE
    ../clib/heap1.c                          0x00000000   Number         0  h1_alloc_mt.o ABSOLUTE
    ../clib/heap1.c                          0x00000000   Number         0  h1_free_mt.o ABSOLUTE
    ../clib/heap1.c                          0x00000000   Number         0  h1_init.o ABSOLUTE
    ../clib/heap1.c                          0x00000000   Number         0  h1_extend.o ABSOLUTE
    ../clib/heap1.c                          0x00000000   Number         0  h1_init_mt.o ABSOLUTE
    ../clib/heap1.c                          0x00000000   Number         0  h1_extend_mt.o ABSOLUTE
    ../clib/heap1.c                          0x00000000   Number         0  h1_free.o ABSOLUTE
    ../clib/heap1.c                          0x00000000   Number         0  h1_final_mt.o ABSOLUTE
    ../clib/heap1.c                          0x00000000   Number         0  h1_alloc.o ABSOLUTE
    ../clib/heap1.c                          0x00000000   Number         0  h1_final.o ABSOLUTE
    ../clib/heap2.c                          0x00000000   Number         0  fdtree.o ABSOLUTE
    ../clib/heap2.c                          0x00000000   Number         0  heap2mt.o ABSOLUTE
    ../clib/heap2.c                          0x00000000   Number         0  heap2.o ABSOLUTE
    ../clib/heapalloc.c                      0x00000000   Number         0  malloc.o ABSOLUTE
    ../clib/heapalloc.c                      0x00000000   Number         0  heapstubs.o ABSOLUTE
    ../clib/heapalloc.c                      0x00000000   Number         0  free.o ABSOLUTE
    ../clib/heapalloc.c                      0x00000000   Number         0  maybetermalloc1.o ABSOLUTE
    ../clib/heapalloc.c                      0x00000000   Number         0  maybetermalloc1.o ABSOLUTE
    ../clib/heapalloc.c                      0x00000000   Number         0  maybetermalloc2.o ABSOLUTE
    ../clib/heapalloc.c                      0x00000000   Number         0  maybetermalloc2.o ABSOLUTE
    ../clib/heapalloc.c                      0x00000000   Number         0  term_alloc.o ABSOLUTE
    ../clib/heapalloc.c                      0x00000000   Number         0  hrguard.o ABSOLUTE
    ../clib/heapalloc.c                      0x00000000   Number         0  hguard.o ABSOLUTE
    ../clib/heapalloc.c                      0x00000000   Number         0  init_alloc.o ABSOLUTE
    ../clib/heapalloc.c                      0x00000000   Number         0  calloc.o ABSOLUTE
    ../clib/heapaux.c                        0x00000000   Number         0  heapauxi.o ABSOLUTE
    ../clib/heapaux.c                        0x00000000   Number         0  heapauxa.o ABSOLUTE
    ../clib/libinit.s                        0x00000000   Number         0  libshutdown.o ABSOLUTE
    ../clib/libinit.s                        0x00000000   Number         0  libinit.o ABSOLUTE
    ../clib/libinit.s                        0x00000000   Number         0  libshutdown2.o ABSOLUTE
    ../clib/libinit.s                        0x00000000   Number         0  libinit2.o ABSOLUTE
    ../clib/longlong.s                       0x00000000   Number         0  llushr.o ABSOLUTE
    ../clib/memcpset.s                       0x00000000   Number         0  rt_memcpy_v6.o ABSOLUTE
    ../clib/memcpset.s                       0x00000000   Number         0  rt_memclr_w.o ABSOLUTE
    ../clib/memcpset.s                       0x00000000   Number         0  rt_memclr.o ABSOLUTE
    ../clib/memcpset.s                       0x00000000   Number         0  rt_memcpy_w.o ABSOLUTE
    ../clib/signal.c                         0x00000000   Number         0  defsig_rtmem_outer.o ABSOLUTE
    ../clib/signal.c                         0x00000000   Number         0  __raise.o ABSOLUTE
    ../clib/signal.c                         0x00000000   Number         0  defsig_fpe_inner.o ABSOLUTE
    ../clib/signal.c                         0x00000000   Number         0  defsig_general.o ABSOLUTE
    ../clib/signal.c                         0x00000000   Number         0  defsig_abrt_inner.o ABSOLUTE
    ../clib/signal.c                         0x00000000   Number         0  defsig_rtred_inner.o ABSOLUTE
    ../clib/signal.c                         0x00000000   Number         0  defsig_stak_inner.o ABSOLUTE
    ../clib/signal.c                         0x00000000   Number         0  defsig_exit.o ABSOLUTE
    ../clib/signal.c                         0x00000000   Number         0  defsig_pvfn_inner.o ABSOLUTE
    ../clib/signal.c                         0x00000000   Number         0  defsig_rtmem_inner.o ABSOLUTE
    ../clib/signal.c                         0x00000000   Number         0  defsig_cppl_inner.o ABSOLUTE
    ../clib/signal.c                         0x00000000   Number         0  defsig_other.o ABSOLUTE
    ../clib/signal.c                         0x00000000   Number         0  defsig_segv_inner.o ABSOLUTE
    ../clib/signal.c                         0x00000000   Number         0  defsig_rtmem_formal.o ABSOLUTE
    ../clib/signal.s                         0x00000000   Number         0  defsig.o ABSOLUTE
    ../clib/stdlib.c                         0x00000000   Number         0  exit.o ABSOLUTE
    ../fplib/fpinit.s                        0x00000000   Number         0  fpinit.o ABSOLUTE
    ..\Core\Src\main.c                       0x00000000   Number         0  main.o ABSOLUTE
    ..\Core\Src\stm32f1xx_hal_msp.c          0x00000000   Number         0  stm32f1xx_hal_msp.o ABSOLUTE
    ..\Core\Src\stm32f1xx_it.c               0x00000000   Number         0  stm32f1xx_it.o ABSOLUTE
    ..\Core\Src\system_stm32f1xx.c           0x00000000   Number         0  system_stm32f1xx.o ABSOLUTE
    ..\Drivers\STM32F1xx_HAL_Driver\Src\stm32f1xx_hal.c 0x00000000   Number         0  stm32f1xx_hal.o ABSOLUTE
    ..\Drivers\STM32F1xx_HAL_Driver\Src\stm32f1xx_hal_cortex.c 0x00000000   Number         0  stm32f1xx_hal_cortex.o ABSOLUTE
    ..\Drivers\STM32F1xx_HAL_Driver\Src\stm32f1xx_hal_dma.c 0x00000000   Number         0  stm32f1xx_hal_dma.o ABSOLUTE
    ..\Drivers\STM32F1xx_HAL_Driver\Src\stm32f1xx_hal_exti.c 0x00000000   Number         0  stm32f1xx_hal_exti.o ABSOLUTE
    ..\Drivers\STM32F1xx_HAL_Driver\Src\stm32f1xx_hal_flash.c 0x00000000   Number         0  stm32f1xx_hal_flash.o ABSOLUTE
    ..\Drivers\STM32F1xx_HAL_Driver\Src\stm32f1xx_hal_flash_ex.c 0x00000000   Number         0  stm32f1xx_hal_flash_ex.o ABSOLUTE
    ..\Drivers\STM32F1xx_HAL_Driver\Src\stm32f1xx_hal_gpio.c 0x00000000   Number         0  stm32f1xx_hal_gpio.o ABSOLUTE
    ..\Drivers\STM32F1xx_HAL_Driver\Src\stm32f1xx_hal_gpio_ex.c 0x00000000   Number         0  stm32f1xx_hal_gpio_ex.o ABSOLUTE
    ..\Drivers\STM32F1xx_HAL_Driver\Src\stm32f1xx_hal_pwr.c 0x00000000   Number         0  stm32f1xx_hal_pwr.o ABSOLUTE
    ..\Drivers\STM32F1xx_HAL_Driver\Src\stm32f1xx_hal_rcc.c 0x00000000   Number         0  stm32f1xx_hal_rcc.o ABSOLUTE
    ..\Drivers\STM32F1xx_HAL_Driver\Src\stm32f1xx_hal_rcc_ex.c 0x00000000   Number         0  stm32f1xx_hal_rcc_ex.o ABSOLUTE
    ..\Drivers\STM32F1xx_HAL_Driver\Src\stm32f1xx_hal_spi.c 0x00000000   Number         0  stm32f1xx_hal_spi.o ABSOLUTE
    ..\Drivers\STM32F1xx_HAL_Driver\Src\stm32f1xx_hal_tim.c 0x00000000   Number         0  stm32f1xx_hal_tim.o ABSOLUTE
    ..\Drivers\STM32F1xx_HAL_Driver\Src\stm32f1xx_hal_tim_ex.c 0x00000000   Number         0  stm32f1xx_hal_tim_ex.o ABSOLUTE
    ..\Libary_User\Src\MY_NRF24.c            0x00000000   Number         0  my_nrf24.o ABSOLUTE
    ..\\Libary_User\\Src\\MY_NRF24.c         0x00000000   Number         0  my_nrf24.o ABSOLUTE
    dc.s                                     0x00000000   Number         0  dc.o ABSOLUTE
    startup_stm32f103xb.s                    0x00000000   Number         0  startup_stm32f103xb.o ABSOLUTE
    RESET                                    0x08000000   Section      236  startup_stm32f103xb.o(RESET)
    !!!main                                  0x080000ec   Section        8  __main.o(!!!main)
    !!!scatter                               0x080000f4   Section       52  __scatter.o(!!!scatter)
    !!handler_copy                           0x08000128   Section       26  __scatter_copy.o(!!handler_copy)
    !!handler_zi                             0x08000144   Section       28  __scatter_zi.o(!!handler_zi)
    .ARM.Collect$$libinit$$00000000          0x08000160   Section        2  libinit.o(.ARM.Collect$$libinit$$00000000)
    .ARM.Collect$$libinit$$00000002          0x08000162   Section        0  libinit2.o(.ARM.Collect$$libinit$$00000002)
    .ARM.Collect$$libinit$$00000004          0x08000162   Section        0  libinit2.o(.ARM.Collect$$libinit$$00000004)
    .ARM.Collect$$libinit$$00000005          0x08000162   Section        8  libinit2.o(.ARM.Collect$$libinit$$00000005)
    .ARM.Collect$$libinit$$0000000A          0x0800016a   Section        0  libinit2.o(.ARM.Collect$$libinit$$0000000A)
    .ARM.Collect$$libinit$$0000000C          0x0800016a   Section        0  libinit2.o(.ARM.Collect$$libinit$$0000000C)
    .ARM.Collect$$libinit$$0000000E          0x0800016a   Section        0  libinit2.o(.ARM.Collect$$libinit$$0000000E)
    .ARM.Collect$$libinit$$00000011          0x0800016a   Section        0  libinit2.o(.ARM.Collect$$libinit$$00000011)
    .ARM.Collect$$libinit$$00000013          0x0800016a   Section        0  libinit2.o(.ARM.Collect$$libinit$$00000013)
    .ARM.Collect$$libinit$$00000015          0x0800016a   Section        0  libinit2.o(.ARM.Collect$$libinit$$00000015)
    .ARM.Collect$$libinit$$00000017          0x0800016a   Section        0  libinit2.o(.ARM.Collect$$libinit$$00000017)
    .ARM.Collect$$libinit$$00000019          0x0800016a   Section        0  libinit2.o(.ARM.Collect$$libinit$$00000019)
    .ARM.Collect$$libinit$$0000001B          0x0800016a   Section        0  libinit2.o(.ARM.Collect$$libinit$$0000001B)
    .ARM.Collect$$libinit$$0000001D          0x0800016a   Section        0  libinit2.o(.ARM.Collect$$libinit$$0000001D)
    .ARM.Collect$$libinit$$0000001F          0x0800016a   Section        0  libinit2.o(.ARM.Collect$$libinit$$0000001F)
    .ARM.Collect$$libinit$$00000021          0x0800016a   Section        0  libinit2.o(.ARM.Collect$$libinit$$00000021)
    .ARM.Collect$$libinit$$00000023          0x0800016a   Section        0  libinit2.o(.ARM.Collect$$libinit$$00000023)
    .ARM.Collect$$libinit$$00000025          0x0800016a   Section        0  libinit2.o(.ARM.Collect$$libinit$$00000025)
    .ARM.Collect$$libinit$$0000002C          0x0800016a   Section        0  libinit2.o(.ARM.Collect$$libinit$$0000002C)
    .ARM.Collect$$libinit$$0000002E          0x0800016a   Section        0  libinit2.o(.ARM.Collect$$libinit$$0000002E)
    .ARM.Collect$$libinit$$00000030          0x0800016a   Section        0  libinit2.o(.ARM.Collect$$libinit$$00000030)
    .ARM.Collect$$libinit$$00000032          0x0800016a   Section        0  libinit2.o(.ARM.Collect$$libinit$$00000032)
    .ARM.Collect$$libinit$$00000033          0x0800016a   Section        2  libinit2.o(.ARM.Collect$$libinit$$00000033)
    .ARM.Collect$$libshutdown$$00000000      0x0800016c   Section        2  libshutdown.o(.ARM.Collect$$libshutdown$$00000000)
    .ARM.Collect$$libshutdown$$00000002      0x0800016e   Section        0  libshutdown2.o(.ARM.Collect$$libshutdown$$00000002)
    .ARM.Collect$$libshutdown$$00000004      0x0800016e   Section        0  libshutdown2.o(.ARM.Collect$$libshutdown$$00000004)
    .ARM.Collect$$libshutdown$$00000007      0x0800016e   Section        0  libshutdown2.o(.ARM.Collect$$libshutdown$$00000007)
    .ARM.Collect$$libshutdown$$0000000A      0x0800016e   Section        0  libshutdown2.o(.ARM.Collect$$libshutdown$$0000000A)
    .ARM.Collect$$libshutdown$$0000000C      0x0800016e   Section        0  libshutdown2.o(.ARM.Collect$$libshutdown$$0000000C)
    .ARM.Collect$$libshutdown$$0000000F      0x0800016e   Section        0  libshutdown2.o(.ARM.Collect$$libshutdown$$0000000F)
    .ARM.Collect$$libshutdown$$00000010      0x0800016e   Section        2  libshutdown2.o(.ARM.Collect$$libshutdown$$00000010)
    .ARM.Collect$$rtentry$$00000000          0x08000170   Section        0  __rtentry.o(.ARM.Collect$$rtentry$$00000000)
    .ARM.Collect$$rtentry$$00000002          0x08000170   Section        0  __rtentry2.o(.ARM.Collect$$rtentry$$00000002)
    .ARM.Collect$$rtentry$$00000004          0x08000170   Section        6  __rtentry4.o(.ARM.Collect$$rtentry$$00000004)
    .ARM.Collect$$rtentry$$00000009          0x08000176   Section        0  __rtentry2.o(.ARM.Collect$$rtentry$$00000009)
    .ARM.Collect$$rtentry$$0000000A          0x08000176   Section        4  __rtentry2.o(.ARM.Collect$$rtentry$$0000000A)
    .ARM.Collect$$rtentry$$0000000C          0x0800017a   Section        0  __rtentry2.o(.ARM.Collect$$rtentry$$0000000C)
    .ARM.Collect$$rtentry$$0000000D          0x0800017a   Section        8  __rtentry2.o(.ARM.Collect$$rtentry$$0000000D)
    .ARM.Collect$$rtexit$$00000000           0x08000182   Section        2  rtexit.o(.ARM.Collect$$rtexit$$00000000)
    .ARM.Collect$$rtexit$$00000002           0x08000184   Section        0  rtexit2.o(.ARM.Collect$$rtexit$$00000002)
    .ARM.Collect$$rtexit$$00000003           0x08000184   Section        4  rtexit2.o(.ARM.Collect$$rtexit$$00000003)
    .ARM.Collect$$rtexit$$00000004           0x08000188   Section        6  rtexit2.o(.ARM.Collect$$rtexit$$00000004)
    .emb_text                                0x08000190   Section        0  maybetermalloc1.o(.emb_text)
    .text                                    0x08000190   Section       64  startup_stm32f103xb.o(.text)
    .text                                    0x080001d0   Section        0  calloc.o(.text)
    .text                                    0x080001f8   Section        0  h1_free.o(.text)
    .text                                    0x08000246   Section      138  rt_memcpy_v6.o(.text)
    .text                                    0x080002d0   Section      100  rt_memcpy_w.o(.text)
    .text                                    0x08000334   Section       78  rt_memclr_w.o(.text)
    .text                                    0x08000382   Section        0  heapauxi.o(.text)
    .text                                    0x08000388   Section        8  rt_heap_descriptor_intlibspace.o(.text)
    .text                                    0x08000390   Section        0  hguard.o(.text)
    .text                                    0x08000394   Section        0  init_alloc.o(.text)
    .text                                    0x0800041e   Section        0  h1_alloc.o(.text)
    .text                                    0x0800047c   Section       68  rt_memclr.o(.text)
    .text                                    0x080004c0   Section        8  libspace.o(.text)
    .text                                    0x080004c8   Section        0  h1_init.o(.text)
    .text                                    0x080004d6   Section        0  h1_extend.o(.text)
    .text                                    0x0800050a   Section        0  defsig_rtmem_outer.o(.text)
    .text                                    0x08000518   Section       74  sys_stackheap_outer.o(.text)
    .text                                    0x08000562   Section        0  exit.o(.text)
    .text                                    0x08000574   Section        0  defsig_exit.o(.text)
    .text                                    0x08000580   Section        0  defsig_rtmem_inner.o(.text)
    .text                                    0x080005d0   Section        0  sys_exit.o(.text)
    .text                                    0x080005dc   Section        2  use_no_semi.o(.text)
    .text                                    0x080005de   Section        0  indicate_semi.o(.text)
    .text                                    0x080005de   Section        0  defsig_general.o(.text)
    .text                                    0x08000610   Section        0  sys_wrch.o(.text)
    i.BusFault_Handler                       0x0800061e   Section        0  stm32f1xx_it.o(i.BusFault_Handler)
    i.DebugMon_Handler                       0x08000620   Section        0  stm32f1xx_it.o(i.DebugMon_Handler)
    i.HAL_Delay                              0x08000624   Section        0  stm32f1xx_hal.o(i.HAL_Delay)
    i.HAL_GPIO_Init                          0x08000648   Section        0  stm32f1xx_hal_gpio.o(i.HAL_GPIO_Init)
    i.HAL_GPIO_ReadPin                       0x08000828   Section        0  stm32f1xx_hal_gpio.o(i.HAL_GPIO_ReadPin)
    i.HAL_GPIO_TogglePin                     0x08000832   Section        0  stm32f1xx_hal_gpio.o(i.HAL_GPIO_TogglePin)
    i.HAL_GPIO_WritePin                      0x08000842   Section        0  stm32f1xx_hal_gpio.o(i.HAL_GPIO_WritePin)
    i.HAL_GetTick                            0x0800084c   Section        0  stm32f1xx_hal.o(i.HAL_GetTick)
    i.HAL_IncTick                            0x08000858   Section        0  stm32f1xx_hal.o(i.HAL_IncTick)
    i.HAL_Init                               0x08000868   Section        0  stm32f1xx_hal.o(i.HAL_Init)
    i.HAL_InitTick                           0x0800088c   Section        0  stm32f1xx_hal.o(i.HAL_InitTick)
    i.HAL_MspInit                            0x080008cc   Section        0  stm32f1xx_hal_msp.o(i.HAL_MspInit)
    i.HAL_NVIC_SetPriority                   0x08000908   Section        0  stm32f1xx_hal_cortex.o(i.HAL_NVIC_SetPriority)
    i.HAL_NVIC_SetPriorityGrouping           0x08000948   Section        0  stm32f1xx_hal_cortex.o(i.HAL_NVIC_SetPriorityGrouping)
    i.HAL_RCC_ClockConfig                    0x0800096c   Section        0  stm32f1xx_hal_rcc.o(i.HAL_RCC_ClockConfig)
    i.HAL_RCC_GetSysClockFreq                0x08000a98   Section        0  stm32f1xx_hal_rcc.o(i.HAL_RCC_GetSysClockFreq)
    i.HAL_RCC_OscConfig                      0x08000ae4   Section        0  stm32f1xx_hal_rcc.o(i.HAL_RCC_OscConfig)
    i.HAL_SPI_Init                           0x08000e04   Section        0  stm32f1xx_hal_spi.o(i.HAL_SPI_Init)
    i.HAL_SPI_MspInit                        0x08000eb8   Section        0  stm32f1xx_hal_msp.o(i.HAL_SPI_MspInit)
    i.HAL_SPI_Receive                        0x08000f2c   Section        0  stm32f1xx_hal_spi.o(i.HAL_SPI_Receive)
    i.HAL_SPI_Transmit                       0x08001082   Section        0  stm32f1xx_hal_spi.o(i.HAL_SPI_Transmit)
    i.HAL_SPI_TransmitReceive                0x080011f0   Section        0  stm32f1xx_hal_spi.o(i.HAL_SPI_TransmitReceive)
    i.HAL_SYSTICK_Config                     0x080013de   Section        0  stm32f1xx_hal_cortex.o(i.HAL_SYSTICK_Config)
    i.HardFault_Handler                      0x08001406   Section        0  stm32f1xx_it.o(i.HardFault_Handler)
    i.MX_GPIO_Init                           0x08001408   Section        0  main.o(i.MX_GPIO_Init)
    MX_GPIO_Init                             0x08001409   Thumb Code   208  main.o(i.MX_GPIO_Init)
    i.MX_SPI2_Init                           0x080014e8   Section        0  main.o(i.MX_SPI2_Init)
    MX_SPI2_Init                             0x080014e9   Thumb Code    56  main.o(i.MX_SPI2_Init)
    i.MemManage_Handler                      0x08001528   Section        0  stm32f1xx_it.o(i.MemManage_Handler)
    i.NMI_Handler                            0x0800152a   Section        0  stm32f1xx_it.o(i.NMI_Handler)
    i.NRF24_ACTIVATE_cmd                     0x0800152c   Section        0  my_nrf24.o(i.NRF24_ACTIVATE_cmd)
    i.NRF24_Available                        0x08001558   Section        0  my_nrf24.o(i.NRF24_Available)
    i.NRF24_AvailablePipe                    0x0800155e   Section        0  my_nrf24.o(i.NRF24_AvailablePipe)
    i.NRF24_Begin                            0x08001590   Section        0  my_nrf24.o(i.NRF24_Begin)
    i.NRF24_DisableDynamicPayloads           0x0800171c   Section        0  my_nrf24.o(i.NRF24_DisableDynamicPayloads)
    i.NRF24_EnableDynamicPayloads            0x08001744   Section        0  my_nrf24.o(i.NRF24_EnableDynamicPayloads)
    i.NRF24_GetDynamicPayloadSize            0x08001790   Section        0  my_nrf24.o(i.NRF24_GetDynamicPayloadSize)
    i.NRF24_OpenReadingPipe                  0x08001798   Section        0  my_nrf24.o(i.NRF24_OpenReadingPipe)
    i.NRF24_OpenWritingPipe                  0x080017f0   Section        0  my_nrf24.o(i.NRF24_OpenWritingPipe)
    i.NRF24_PowerDown                        0x0800181c   Section        0  my_nrf24.o(i.NRF24_PowerDown)
    i.NRF24_Read                             0x08001832   Section        0  my_nrf24.o(i.NRF24_Read)
    i.NRF24_ResetStatus                      0x08001856   Section        0  my_nrf24.o(i.NRF24_ResetStatus)
    i.NRF24_SetAutoAck                       0x0800185e   Section        0  my_nrf24.o(i.NRF24_SetAutoAck)
    i.NRF24_SetCRCLength                     0x0800186c   Section        0  my_nrf24.o(i.NRF24_SetCRCLength)
    i.NRF24_SetChannel                       0x08001894   Section        0  my_nrf24.o(i.NRF24_SetChannel)
    i.NRF24_SetDataRate                      0x080018a4   Section        0  my_nrf24.o(i.NRF24_SetDataRate)
    i.NRF24_SetPALevel                       0x08001900   Section        0  my_nrf24.o(i.NRF24_SetPALevel)
    i.NRF24_SetPayloadSize                   0x0800193c   Section        0  my_nrf24.o(i.NRF24_SetPayloadSize)
    i.NRF24_SetRetries                       0x0800194c   Section        0  my_nrf24.o(i.NRF24_SetRetries)
    i.NRF24_StartListening                   0x0800195c   Section        0  my_nrf24.o(i.NRF24_StartListening)
    i.NRF24_StartWrite                       0x080019a0   Section        0  my_nrf24.o(i.NRF24_StartWrite)
    i.NRF24_StopListening                    0x080019ea   Section        0  my_nrf24.o(i.NRF24_StopListening)
    i.NRF24_WhatHappened                     0x080019fe   Section        0  my_nrf24.o(i.NRF24_WhatHappened)
    i.NRF24_Write                            0x08001a30   Section        0  my_nrf24.o(i.NRF24_Write)
    i.NRF24_ce                               0x08001a94   Section        0  my_nrf24.o(i.NRF24_ce)
    i.NRF24_csn                              0x08001aa8   Section        0  my_nrf24.o(i.NRF24_csn)
    i.NRF24_flush_rx                         0x08001abc   Section        0  my_nrf24.o(i.NRF24_flush_rx)
    i.NRF24_flush_tx                         0x08001ac4   Section        0  my_nrf24.o(i.NRF24_flush_tx)
    i.NRF24_get_status                       0x08001acc   Section        0  my_nrf24.o(i.NRF24_get_status)
    i.NRF24_read_payload                     0x08001ad4   Section        0  my_nrf24.o(i.NRF24_read_payload)
    i.NRF24_read_register                    0x08001b18   Section        0  my_nrf24.o(i.NRF24_read_register)
    i.NRF24_read_registerN                   0x08001b58   Section        0  my_nrf24.o(i.NRF24_read_registerN)
    i.NRF24_write_payload                    0x08001b94   Section        0  my_nrf24.o(i.NRF24_write_payload)
    i.NRF24_write_register                   0x08001bcc   Section        0  my_nrf24.o(i.NRF24_write_register)
    i.NRF24_write_registerN                  0x08001bfc   Section        0  my_nrf24.o(i.NRF24_write_registerN)
    i.PendSV_Handler                         0x08001c38   Section        0  stm32f1xx_it.o(i.PendSV_Handler)
    i.Read_And_Control                       0x08001c3c   Section        0  main.o(i.Read_And_Control)
    i.SPI_EndRxTransaction                   0x08001cec   Section        0  stm32f1xx_hal_spi.o(i.SPI_EndRxTransaction)
    SPI_EndRxTransaction                     0x08001ced   Thumb Code    92  stm32f1xx_hal_spi.o(i.SPI_EndRxTransaction)
    i.SPI_EndRxTxTransaction                 0x08001d48   Section        0  stm32f1xx_hal_spi.o(i.SPI_EndRxTxTransaction)
    SPI_EndRxTxTransaction                   0x08001d49   Thumb Code    32  stm32f1xx_hal_spi.o(i.SPI_EndRxTxTransaction)
    i.SPI_WaitFlagStateUntilTimeout          0x08001d68   Section        0  stm32f1xx_hal_spi.o(i.SPI_WaitFlagStateUntilTimeout)
    SPI_WaitFlagStateUntilTimeout            0x08001d69   Thumb Code   180  stm32f1xx_hal_spi.o(i.SPI_WaitFlagStateUntilTimeout)
    i.SVC_Handler                            0x08001e20   Section        0  stm32f1xx_it.o(i.SVC_Handler)
    i.SysTick_Handler                        0x08001e22   Section        0  stm32f1xx_it.o(i.SysTick_Handler)
    i.SystemClock_Config                     0x08001e26   Section        0  main.o(i.SystemClock_Config)
    i.SystemInit                             0x08001e84   Section        0  system_stm32f1xx.o(i.SystemInit)
    i.UsageFault_Handler                     0x08001e86   Section        0  stm32f1xx_it.o(i.UsageFault_Handler)
    i.__NVIC_SetPriority                     0x08001e88   Section        0  stm32f1xx_hal_cortex.o(i.__NVIC_SetPriority)
    __NVIC_SetPriority                       0x08001e89   Thumb Code    32  stm32f1xx_hal_cortex.o(i.__NVIC_SetPriority)
    i.main                                   0x08001ea8   Section        0  main.o(i.main)
    .constdata                               0x08002050   Section       18  stm32f1xx_hal_rcc.o(.constdata)
    aPredivFactorTable                       0x08002050   Data           2  stm32f1xx_hal_rcc.o(.constdata)
    aPLLMULFactorTable                       0x08002052   Data          16  stm32f1xx_hal_rcc.o(.constdata)
    .constdata                               0x08002062   Section       16  system_stm32f1xx.o(.constdata)
    .constdata                               0x08002072   Section       13  my_nrf24.o(.constdata)
    RF24_RX_PW_PIPE                          0x08002072   Data           6  my_nrf24.o(.constdata)
    NRF24_ADDR_REGS                          0x08002078   Data           7  my_nrf24.o(.constdata)
    .data                                    0x20000000   Section       32  main.o(.data)
    States_Old_Button_1                      0x20000002   Data           1  main.o(.data)
    States_Old_Button_2                      0x20000003   Data           1  main.o(.data)
    TimeOut1                                 0x20000008   Data           4  main.o(.data)
    TimeOut2                                 0x2000000c   Data           4  main.o(.data)
    .data                                    0x20000020   Section       12  stm32f1xx_hal.o(.data)
    .data                                    0x2000002c   Section        4  system_stm32f1xx.o(.data)
    .data                                    0x20000030   Section       24  my_nrf24.o(.data)
    ack_payload_available                    0x20000030   Data           1  my_nrf24.o(.data)
    ack_payload_length                       0x20000031   Data           1  my_nrf24.o(.data)
    payload_size                             0x20000032   Data           1  my_nrf24.o(.data)
    dynamic_payloads_enabled                 0x20000033   Data           1  my_nrf24.o(.data)
    p_variant                                0x20000034   Data           1  my_nrf24.o(.data)
    wide_band                                0x20000035   Data           1  my_nrf24.o(.data)
    nrf24_CSN_PIN                            0x20000036   Data           2  my_nrf24.o(.data)
    nrf24_CE_PIN                             0x20000038   Data           2  my_nrf24.o(.data)
    nrf24_PORT                               0x2000003c   Data           4  my_nrf24.o(.data)
    pipe0_reading_address                    0x20000040   Data           8  my_nrf24.o(.data)
    .bss                                     0x20000048   Section      104  main.o(.bss)
    .bss                                     0x200000b0   Section       88  my_nrf24.o(.bss)
    nrf24_hspi                               0x200000b0   Data          88  my_nrf24.o(.bss)
    .bss                                     0x20000108   Section       96  libspace.o(.bss)
    HEAP                                     0x20000168   Section      512  startup_stm32f103xb.o(HEAP)
    Heap_Mem                                 0x20000168   Data         512  startup_stm32f103xb.o(HEAP)
    STACK                                    0x20000368   Section     1024  startup_stm32f103xb.o(STACK)
    Stack_Mem                                0x20000368   Data        1024  startup_stm32f103xb.o(STACK)
    __initial_sp                             0x20000768   Data           0  startup_stm32f103xb.o(STACK)

    Global Symbols

    Symbol Name                              Value     Ov Type        Size  Object(Section)

    BuildAttributes$$THM_ISAv4$P$D$K$B$S$PE$A:L22UL41UL21$X:L11$S22US41US21$IEEE1$IW$USESV6$~STKCKD$USESV7$~SHL$OTIME$ROPI$EBA8$UX$STANDARDLIB$REQ8$PRES8$EABIv2 0x00000000   Number         0  anon$$obj.o ABSOLUTE
    __ARM_use_no_argv                        0x00000000   Number         0  main.o ABSOLUTE
    __ARM_exceptions_init                     - Undefined Weak Reference
    __alloca_initialize                       - Undefined Weak Reference
    __arm_preinit_                            - Undefined Weak Reference
    __cpp_initialize__aeabi_                  - Undefined Weak Reference
    __cxa_finalize                            - Undefined Weak Reference
    __rt_locale                               - Undefined Weak Reference
    __sigvec_lookup                           - Undefined Weak Reference
    __user_heap_extent                        - Undefined Weak Reference
    _atexit_init                              - Undefined Weak Reference
    _call_atexit_fns                          - Undefined Weak Reference
    _clock_init                               - Undefined Weak Reference
    _fp_trap_init                             - Undefined Weak Reference
    _fp_trap_shutdown                         - Undefined Weak Reference
    _get_lc_collate                           - Undefined Weak Reference
    _get_lc_ctype                             - Undefined Weak Reference
    _get_lc_monetary                          - Undefined Weak Reference
    _get_lc_numeric                           - Undefined Weak Reference
    _get_lc_time                              - Undefined Weak Reference
    _getenv_init                              - Undefined Weak Reference
    _handle_redirection                       - Undefined Weak Reference
    _initio                                   - Undefined Weak Reference
    _mutex_acquire                            - Undefined Weak Reference
    _mutex_free                               - Undefined Weak Reference
    _mutex_release                            - Undefined Weak Reference
    _rand_init                                - Undefined Weak Reference
    _signal_finish                            - Undefined Weak Reference
    _signal_init                              - Undefined Weak Reference
    _terminateio                              - Undefined Weak Reference
    __Vectors_Size                           0x000000ec   Number         0  startup_stm32f103xb.o ABSOLUTE
    __Vectors                                0x08000000   Data           4  startup_stm32f103xb.o(RESET)
    __Vectors_End                            0x080000ec   Data           0  startup_stm32f103xb.o(RESET)
    __main                                   0x080000ed   Thumb Code     8  __main.o(!!!main)
    __scatterload                            0x080000f5   Thumb Code     0  __scatter.o(!!!scatter)
    __scatterload_rt2                        0x080000f5   Thumb Code    44  __scatter.o(!!!scatter)
    __scatterload_rt2_thumb_only             0x080000f5   Thumb Code     0  __scatter.o(!!!scatter)
    __scatterload_null                       0x08000103   Thumb Code     0  __scatter.o(!!!scatter)
    __scatterload_copy                       0x08000129   Thumb Code    26  __scatter_copy.o(!!handler_copy)
    __scatterload_zeroinit                   0x08000145   Thumb Code    28  __scatter_zi.o(!!handler_zi)
    __rt_lib_init                            0x08000161   Thumb Code     0  libinit.o(.ARM.Collect$$libinit$$00000000)
    __rt_lib_init_fp_1                       0x08000163   Thumb Code     0  libinit2.o(.ARM.Collect$$libinit$$00000002)
    __rt_lib_init_heap_2                     0x08000163   Thumb Code     0  libinit2.o(.ARM.Collect$$libinit$$00000005)
    __rt_lib_init_preinit_1                  0x08000163   Thumb Code     0  libinit2.o(.ARM.Collect$$libinit$$00000004)
    __rt_lib_init_alloca_1                   0x0800016b   Thumb Code     0  libinit2.o(.ARM.Collect$$libinit$$0000002E)
    __rt_lib_init_argv_1                     0x0800016b   Thumb Code     0  libinit2.o(.ARM.Collect$$libinit$$0000002C)
    __rt_lib_init_atexit_1                   0x0800016b   Thumb Code     0  libinit2.o(.ARM.Collect$$libinit$$0000001B)
    __rt_lib_init_clock_1                    0x0800016b   Thumb Code     0  libinit2.o(.ARM.Collect$$libinit$$00000021)
    __rt_lib_init_cpp_1                      0x0800016b   Thumb Code     0  libinit2.o(.ARM.Collect$$libinit$$00000032)
    __rt_lib_init_exceptions_1               0x0800016b   Thumb Code     0  libinit2.o(.ARM.Collect$$libinit$$00000030)
    __rt_lib_init_fp_trap_1                  0x0800016b   Thumb Code     0  libinit2.o(.ARM.Collect$$libinit$$0000001F)
    __rt_lib_init_getenv_1                   0x0800016b   Thumb Code     0  libinit2.o(.ARM.Collect$$libinit$$00000023)
    __rt_lib_init_heap_1                     0x0800016b   Thumb Code     0  libinit2.o(.ARM.Collect$$libinit$$0000000A)
    __rt_lib_init_lc_collate_1               0x0800016b   Thumb Code     0  libinit2.o(.ARM.Collect$$libinit$$00000011)
    __rt_lib_init_lc_ctype_1                 0x0800016b   Thumb Code     0  libinit2.o(.ARM.Collect$$libinit$$00000013)
    __rt_lib_init_lc_monetary_1              0x0800016b   Thumb Code     0  libinit2.o(.ARM.Collect$$libinit$$00000015)
    __rt_lib_init_lc_numeric_1               0x0800016b   Thumb Code     0  libinit2.o(.ARM.Collect$$libinit$$00000017)
    __rt_lib_init_lc_time_1                  0x0800016b   Thumb Code     0  libinit2.o(.ARM.Collect$$libinit$$00000019)
    __rt_lib_init_rand_1                     0x0800016b   Thumb Code     0  libinit2.o(.ARM.Collect$$libinit$$0000000E)
    __rt_lib_init_return                     0x0800016b   Thumb Code     0  libinit2.o(.ARM.Collect$$libinit$$00000033)
    __rt_lib_init_signal_1                   0x0800016b   Thumb Code     0  libinit2.o(.ARM.Collect$$libinit$$0000001D)
    __rt_lib_init_stdio_1                    0x0800016b   Thumb Code     0  libinit2.o(.ARM.Collect$$libinit$$00000025)
    __rt_lib_init_user_alloc_1               0x0800016b   Thumb Code     0  libinit2.o(.ARM.Collect$$libinit$$0000000C)
    __rt_lib_shutdown                        0x0800016d   Thumb Code     0  libshutdown.o(.ARM.Collect$$libshutdown$$00000000)
    __rt_lib_shutdown_cpp_1                  0x0800016f   Thumb Code     0  libshutdown2.o(.ARM.Collect$$libshutdown$$00000002)
    __rt_lib_shutdown_fp_trap_1              0x0800016f   Thumb Code     0  libshutdown2.o(.ARM.Collect$$libshutdown$$00000007)
    __rt_lib_shutdown_heap_1                 0x0800016f   Thumb Code     0  libshutdown2.o(.ARM.Collect$$libshutdown$$0000000F)
    __rt_lib_shutdown_return                 0x0800016f   Thumb Code     0  libshutdown2.o(.ARM.Collect$$libshutdown$$00000010)
    __rt_lib_shutdown_signal_1               0x0800016f   Thumb Code     0  libshutdown2.o(.ARM.Collect$$libshutdown$$0000000A)
    __rt_lib_shutdown_stdio_1                0x0800016f   Thumb Code     0  libshutdown2.o(.ARM.Collect$$libshutdown$$00000004)
    __rt_lib_shutdown_user_alloc_1           0x0800016f   Thumb Code     0  libshutdown2.o(.ARM.Collect$$libshutdown$$0000000C)
    __rt_entry                               0x08000171   Thumb Code     0  __rtentry.o(.ARM.Collect$$rtentry$$00000000)
    __rt_entry_presh_1                       0x08000171   Thumb Code     0  __rtentry2.o(.ARM.Collect$$rtentry$$00000002)
    __rt_entry_sh                            0x08000171   Thumb Code     0  __rtentry4.o(.ARM.Collect$$rtentry$$00000004)
    __rt_entry_li                            0x08000177   Thumb Code     0  __rtentry2.o(.ARM.Collect$$rtentry$$0000000A)
    __rt_entry_postsh_1                      0x08000177   Thumb Code     0  __rtentry2.o(.ARM.Collect$$rtentry$$00000009)
    __rt_entry_main                          0x0800017b   Thumb Code     0  __rtentry2.o(.ARM.Collect$$rtentry$$0000000D)
    __rt_entry_postli_1                      0x0800017b   Thumb Code     0  __rtentry2.o(.ARM.Collect$$rtentry$$0000000C)
    __rt_exit                                0x08000183   Thumb Code     0  rtexit.o(.ARM.Collect$$rtexit$$00000000)
    __rt_exit_ls                             0x08000185   Thumb Code     0  rtexit2.o(.ARM.Collect$$rtexit$$00000003)
    __rt_exit_prels_1                        0x08000185   Thumb Code     0  rtexit2.o(.ARM.Collect$$rtexit$$00000002)
    __rt_exit_exit                           0x08000189   Thumb Code     0  rtexit2.o(.ARM.Collect$$rtexit$$00000004)
    Reset_Handler                            0x08000191   Thumb Code     8  startup_stm32f103xb.o(.text)
    _maybe_terminate_alloc                   0x08000191   Thumb Code     0  maybetermalloc1.o(.emb_text)
    ADC1_2_IRQHandler                        0x080001ab   Thumb Code     0  startup_stm32f103xb.o(.text)
    CAN1_RX1_IRQHandler                      0x080001ab   Thumb Code     0  startup_stm32f103xb.o(.text)
    CAN1_SCE_IRQHandler                      0x080001ab   Thumb Code     0  startup_stm32f103xb.o(.text)
    DMA1_Channel1_IRQHandler                 0x080001ab   Thumb Code     0  startup_stm32f103xb.o(.text)
    DMA1_Channel2_IRQHandler                 0x080001ab   Thumb Code     0  startup_stm32f103xb.o(.text)
    DMA1_Channel3_IRQHandler                 0x080001ab   Thumb Code     0  startup_stm32f103xb.o(.text)
    DMA1_Channel4_IRQHandler                 0x080001ab   Thumb Code     0  startup_stm32f103xb.o(.text)
    DMA1_Channel5_IRQHandler                 0x080001ab   Thumb Code     0  startup_stm32f103xb.o(.text)
    DMA1_Channel6_IRQHandler                 0x080001ab   Thumb Code     0  startup_stm32f103xb.o(.text)
    DMA1_Channel7_IRQHandler                 0x080001ab   Thumb Code     0  startup_stm32f103xb.o(.text)
    EXTI0_IRQHandler                         0x080001ab   Thumb Code     0  startup_stm32f103xb.o(.text)
    EXTI15_10_IRQHandler                     0x080001ab   Thumb Code     0  startup_stm32f103xb.o(.text)
    EXTI1_IRQHandler                         0x080001ab   Thumb Code     0  startup_stm32f103xb.o(.text)
    EXTI2_IRQHandler                         0x080001ab   Thumb Code     0  startup_stm32f103xb.o(.text)
    EXTI3_IRQHandler                         0x080001ab   Thumb Code     0  startup_stm32f103xb.o(.text)
    EXTI4_IRQHandler                         0x080001ab   Thumb Code     0  startup_stm32f103xb.o(.text)
    EXTI9_5_IRQHandler                       0x080001ab   Thumb Code     0  startup_stm32f103xb.o(.text)
    FLASH_IRQHandler                         0x080001ab   Thumb Code     0  startup_stm32f103xb.o(.text)
    I2C1_ER_IRQHandler                       0x080001ab   Thumb Code     0  startup_stm32f103xb.o(.text)
    I2C1_EV_IRQHandler                       0x080001ab   Thumb Code     0  startup_stm32f103xb.o(.text)
    I2C2_ER_IRQHandler                       0x080001ab   Thumb Code     0  startup_stm32f103xb.o(.text)
    I2C2_EV_IRQHandler                       0x080001ab   Thumb Code     0  startup_stm32f103xb.o(.text)
    PVD_IRQHandler                           0x080001ab   Thumb Code     0  startup_stm32f103xb.o(.text)
    RCC_IRQHandler                           0x080001ab   Thumb Code     0  startup_stm32f103xb.o(.text)
    RTC_Alarm_IRQHandler                     0x080001ab   Thumb Code     0  startup_stm32f103xb.o(.text)
    RTC_IRQHandler                           0x080001ab   Thumb Code     0  startup_stm32f103xb.o(.text)
    SPI1_IRQHandler                          0x080001ab   Thumb Code     0  startup_stm32f103xb.o(.text)
    SPI2_IRQHandler                          0x080001ab   Thumb Code     0  startup_stm32f103xb.o(.text)
    TAMPER_IRQHandler                        0x080001ab   Thumb Code     0  startup_stm32f103xb.o(.text)
    TIM1_BRK_IRQHandler                      0x080001ab   Thumb Code     0  startup_stm32f103xb.o(.text)
    TIM1_CC_IRQHandler                       0x080001ab   Thumb Code     0  startup_stm32f103xb.o(.text)
    TIM1_TRG_COM_IRQHandler                  0x080001ab   Thumb Code     0  startup_stm32f103xb.o(.text)
    TIM1_UP_IRQHandler                       0x080001ab   Thumb Code     0  startup_stm32f103xb.o(.text)
    TIM2_IRQHandler                          0x080001ab   Thumb Code     0  startup_stm32f103xb.o(.text)
    TIM3_IRQHandler                          0x080001ab   Thumb Code     0  startup_stm32f103xb.o(.text)
    TIM4_IRQHandler                          0x080001ab   Thumb Code     0  startup_stm32f103xb.o(.text)
    USART1_IRQHandler                        0x080001ab   Thumb Code     0  startup_stm32f103xb.o(.text)
    USART2_IRQHandler                        0x080001ab   Thumb Code     0  startup_stm32f103xb.o(.text)
    USART3_IRQHandler                        0x080001ab   Thumb Code     0  startup_stm32f103xb.o(.text)
    USBWakeUp_IRQHandler                     0x080001ab   Thumb Code     0  startup_stm32f103xb.o(.text)
    USB_HP_CAN1_TX_IRQHandler                0x080001ab   Thumb Code     0  startup_stm32f103xb.o(.text)
    USB_LP_CAN1_RX0_IRQHandler               0x080001ab   Thumb Code     0  startup_stm32f103xb.o(.text)
    WWDG_IRQHandler                          0x080001ab   Thumb Code     0  startup_stm32f103xb.o(.text)
    __user_initial_stackheap                 0x080001ad   Thumb Code     0  startup_stm32f103xb.o(.text)
    calloc                                   0x080001d1   Thumb Code    40  calloc.o(.text)
    free                                     0x080001f9   Thumb Code    78  h1_free.o(.text)
    __aeabi_memcpy                           0x08000247   Thumb Code     0  rt_memcpy_v6.o(.text)
    __rt_memcpy                              0x08000247   Thumb Code   138  rt_memcpy_v6.o(.text)
    _memcpy_lastbytes                        0x080002ad   Thumb Code     0  rt_memcpy_v6.o(.text)
    __aeabi_memcpy4                          0x080002d1   Thumb Code     0  rt_memcpy_w.o(.text)
    __aeabi_memcpy8                          0x080002d1   Thumb Code     0  rt_memcpy_w.o(.text)
    __rt_memcpy_w                            0x080002d1   Thumb Code   100  rt_memcpy_w.o(.text)
    _memcpy_lastbytes_aligned                0x08000319   Thumb Code     0  rt_memcpy_w.o(.text)
    __aeabi_memclr4                          0x08000335   Thumb Code     0  rt_memclr_w.o(.text)
    __aeabi_memclr8                          0x08000335   Thumb Code     0  rt_memclr_w.o(.text)
    __rt_memclr_w                            0x08000335   Thumb Code    78  rt_memclr_w.o(.text)
    _memset_w                                0x08000339   Thumb Code     0  rt_memclr_w.o(.text)
    __use_two_region_memory                  0x08000383   Thumb Code     2  heapauxi.o(.text)
    __rt_heap_escrow                         0x08000385   Thumb Code     2  heapauxi.o(.text)
    __rt_heap_expand                         0x08000387   Thumb Code     2  heapauxi.o(.text)
    __rt_heap_descriptor                     0x08000389   Thumb Code     8  rt_heap_descriptor_intlibspace.o(.text)
    __use_no_heap                            0x08000391   Thumb Code     2  hguard.o(.text)
    __heap$guard                             0x08000393   Thumb Code     2  hguard.o(.text)
    _terminate_user_alloc                    0x08000395   Thumb Code     2  init_alloc.o(.text)
    _init_user_alloc                         0x08000397   Thumb Code     2  init_alloc.o(.text)
    __Heap_Full                              0x08000399   Thumb Code    34  init_alloc.o(.text)
    __Heap_Broken                            0x080003bb   Thumb Code     6  init_alloc.o(.text)
    _init_alloc                              0x080003c1   Thumb Code    94  init_alloc.o(.text)
    malloc                                   0x0800041f   Thumb Code    94  h1_alloc.o(.text)
    __aeabi_memclr                           0x0800047d   Thumb Code     0  rt_memclr.o(.text)
    __rt_memclr                              0x0800047d   Thumb Code    68  rt_memclr.o(.text)
    _memset                                  0x08000481   Thumb Code     0  rt_memclr.o(.text)
    __user_libspace                          0x080004c1   Thumb Code     8  libspace.o(.text)
    __user_perproc_libspace                  0x080004c1   Thumb Code     0  libspace.o(.text)
    __user_perthread_libspace                0x080004c1   Thumb Code     0  libspace.o(.text)
    __Heap_Initialize                        0x080004c9   Thumb Code    10  h1_init.o(.text)
    __Heap_DescSize                          0x080004d3   Thumb Code     4  h1_init.o(.text)
    __Heap_ProvideMemory                     0x080004d7   Thumb Code    52  h1_extend.o(.text)
    __rt_SIGRTMEM                            0x0800050b   Thumb Code    14  defsig_rtmem_outer.o(.text)
    __user_setup_stackheap                   0x08000519   Thumb Code    74  sys_stackheap_outer.o(.text)
    exit                                     0x08000563   Thumb Code    18  exit.o(.text)
    __sig_exit                               0x08000575   Thumb Code    10  defsig_exit.o(.text)
    __rt_SIGRTMEM_inner                      0x08000581   Thumb Code    22  defsig_rtmem_inner.o(.text)
    _sys_exit                                0x080005d1   Thumb Code     8  sys_exit.o(.text)
    __I$use$semihosting                      0x080005dd   Thumb Code     0  use_no_semi.o(.text)
    __use_no_semihosting_swi                 0x080005dd   Thumb Code     2  use_no_semi.o(.text)
    __default_signal_display                 0x080005df   Thumb Code    50  defsig_general.o(.text)
    __semihosting_library_function           0x080005df   Thumb Code     0  indicate_semi.o(.text)
    _ttywrch                                 0x08000611   Thumb Code    14  sys_wrch.o(.text)
    BusFault_Handler                         0x0800061f   Thumb Code     2  stm32f1xx_it.o(i.BusFault_Handler)
    DebugMon_Handler                         0x08000621   Thumb Code     2  stm32f1xx_it.o(i.DebugMon_Handler)
    HAL_Delay                                0x08000625   Thumb Code    32  stm32f1xx_hal.o(i.HAL_Delay)
    HAL_GPIO_Init                            0x08000649   Thumb Code   446  stm32f1xx_hal_gpio.o(i.HAL_GPIO_Init)
    HAL_GPIO_ReadPin                         0x08000829   Thumb Code    10  stm32f1xx_hal_gpio.o(i.HAL_GPIO_ReadPin)
    HAL_GPIO_TogglePin                       0x08000833   Thumb Code    16  stm32f1xx_hal_gpio.o(i.HAL_GPIO_TogglePin)
    HAL_GPIO_WritePin                        0x08000843   Thumb Code    10  stm32f1xx_hal_gpio.o(i.HAL_GPIO_WritePin)
    HAL_GetTick                              0x0800084d   Thumb Code     6  stm32f1xx_hal.o(i.HAL_GetTick)
    HAL_IncTick                              0x08000859   Thumb Code    12  stm32f1xx_hal.o(i.HAL_IncTick)
    HAL_Init                                 0x08000869   Thumb Code    32  stm32f1xx_hal.o(i.HAL_Init)
    HAL_InitTick                             0x0800088d   Thumb Code    54  stm32f1xx_hal.o(i.HAL_InitTick)
    HAL_MspInit                              0x080008cd   Thumb Code    52  stm32f1xx_hal_msp.o(i.HAL_MspInit)
    HAL_NVIC_SetPriority                     0x08000909   Thumb Code    60  stm32f1xx_hal_cortex.o(i.HAL_NVIC_SetPriority)
    HAL_NVIC_SetPriorityGrouping             0x08000949   Thumb Code    26  stm32f1xx_hal_cortex.o(i.HAL_NVIC_SetPriorityGrouping)
    HAL_RCC_ClockConfig                      0x0800096d   Thumb Code   280  stm32f1xx_hal_rcc.o(i.HAL_RCC_ClockConfig)
    HAL_RCC_GetSysClockFreq                  0x08000a99   Thumb Code    58  stm32f1xx_hal_rcc.o(i.HAL_RCC_GetSysClockFreq)
    HAL_RCC_OscConfig                        0x08000ae5   Thumb Code   778  stm32f1xx_hal_rcc.o(i.HAL_RCC_OscConfig)
    HAL_SPI_Init                             0x08000e05   Thumb Code   178  stm32f1xx_hal_spi.o(i.HAL_SPI_Init)
    HAL_SPI_MspInit                          0x08000eb9   Thumb Code   102  stm32f1xx_hal_msp.o(i.HAL_SPI_MspInit)
    HAL_SPI_Receive                          0x08000f2d   Thumb Code   342  stm32f1xx_hal_spi.o(i.HAL_SPI_Receive)
    HAL_SPI_Transmit                         0x08001083   Thumb Code   366  stm32f1xx_hal_spi.o(i.HAL_SPI_Transmit)
    HAL_SPI_TransmitReceive                  0x080011f1   Thumb Code   494  stm32f1xx_hal_spi.o(i.HAL_SPI_TransmitReceive)
    HAL_SYSTICK_Config                       0x080013df   Thumb Code    40  stm32f1xx_hal_cortex.o(i.HAL_SYSTICK_Config)
    HardFault_Handler                        0x08001407   Thumb Code     2  stm32f1xx_it.o(i.HardFault_Handler)
    MemManage_Handler                        0x08001529   Thumb Code     2  stm32f1xx_it.o(i.MemManage_Handler)
    NMI_Handler                              0x0800152b   Thumb Code     2  stm32f1xx_it.o(i.NMI_Handler)
    NRF24_ACTIVATE_cmd                       0x0800152d   Thumb Code    40  my_nrf24.o(i.NRF24_ACTIVATE_cmd)
    NRF24_Available                          0x08001559   Thumb Code     6  my_nrf24.o(i.NRF24_Available)
    NRF24_AvailablePipe                      0x0800155f   Thumb Code    48  my_nrf24.o(i.NRF24_AvailablePipe)
    NRF24_Begin                              0x08001591   Thumb Code   386  my_nrf24.o(i.NRF24_Begin)
    NRF24_DisableDynamicPayloads             0x0800171d   Thumb Code    34  my_nrf24.o(i.NRF24_DisableDynamicPayloads)
    NRF24_EnableDynamicPayloads              0x08001745   Thumb Code    70  my_nrf24.o(i.NRF24_EnableDynamicPayloads)
    NRF24_GetDynamicPayloadSize              0x08001791   Thumb Code     6  my_nrf24.o(i.NRF24_GetDynamicPayloadSize)
    NRF24_OpenReadingPipe                    0x08001799   Thumb Code    78  my_nrf24.o(i.NRF24_OpenReadingPipe)
    NRF24_OpenWritingPipe                    0x080017f1   Thumb Code    40  my_nrf24.o(i.NRF24_OpenWritingPipe)
    NRF24_PowerDown                          0x0800181d   Thumb Code    22  my_nrf24.o(i.NRF24_PowerDown)
    NRF24_Read                               0x08001833   Thumb Code    36  my_nrf24.o(i.NRF24_Read)
    NRF24_ResetStatus                        0x08001857   Thumb Code     8  my_nrf24.o(i.NRF24_ResetStatus)
    NRF24_SetAutoAck                         0x0800185f   Thumb Code    14  my_nrf24.o(i.NRF24_SetAutoAck)
    NRF24_SetCRCLength                       0x0800186d   Thumb Code    40  my_nrf24.o(i.NRF24_SetCRCLength)
    NRF24_SetChannel                         0x08001895   Thumb Code    14  my_nrf24.o(i.NRF24_SetChannel)
    NRF24_SetDataRate                        0x080018a5   Thumb Code    86  my_nrf24.o(i.NRF24_SetDataRate)
    NRF24_SetPALevel                         0x08001901   Thumb Code    60  my_nrf24.o(i.NRF24_SetPALevel)
    NRF24_SetPayloadSize                     0x0800193d   Thumb Code    12  my_nrf24.o(i.NRF24_SetPayloadSize)
    NRF24_SetRetries                         0x0800194d   Thumb Code    14  my_nrf24.o(i.NRF24_SetRetries)
    NRF24_StartListening                     0x0800195d   Thumb Code    64  my_nrf24.o(i.NRF24_StartListening)
    NRF24_StartWrite                         0x080019a1   Thumb Code    74  my_nrf24.o(i.NRF24_StartWrite)
    NRF24_StopListening                      0x080019eb   Thumb Code    20  my_nrf24.o(i.NRF24_StopListening)
    NRF24_WhatHappened                       0x080019ff   Thumb Code    50  my_nrf24.o(i.NRF24_WhatHappened)
    NRF24_Write                              0x08001a31   Thumb Code    94  my_nrf24.o(i.NRF24_Write)
    NRF24_ce                                 0x08001a95   Thumb Code    16  my_nrf24.o(i.NRF24_ce)
    NRF24_csn                                0x08001aa9   Thumb Code    16  my_nrf24.o(i.NRF24_csn)
    NRF24_flush_rx                           0x08001abd   Thumb Code     8  my_nrf24.o(i.NRF24_flush_rx)
    NRF24_flush_tx                           0x08001ac5   Thumb Code     8  my_nrf24.o(i.NRF24_flush_tx)
    NRF24_get_status                         0x08001acd   Thumb Code     6  my_nrf24.o(i.NRF24_get_status)
    NRF24_read_payload                       0x08001ad5   Thumb Code    58  my_nrf24.o(i.NRF24_read_payload)
    NRF24_read_register                      0x08001b19   Thumb Code    58  my_nrf24.o(i.NRF24_read_register)
    NRF24_read_registerN                     0x08001b59   Thumb Code    54  my_nrf24.o(i.NRF24_read_registerN)
    NRF24_write_payload                      0x08001b95   Thumb Code    50  my_nrf24.o(i.NRF24_write_payload)
    NRF24_write_register                     0x08001bcd   Thumb Code    44  my_nrf24.o(i.NRF24_write_register)
    NRF24_write_registerN                    0x08001bfd   Thumb Code    54  my_nrf24.o(i.NRF24_write_registerN)
    PendSV_Handler                           0x08001c39   Thumb Code     2  stm32f1xx_it.o(i.PendSV_Handler)
    Read_And_Control                         0x08001c3d   Thumb Code   162  main.o(i.Read_And_Control)
    SVC_Handler                              0x08001e21   Thumb Code     2  stm32f1xx_it.o(i.SVC_Handler)
    SysTick_Handler                          0x08001e23   Thumb Code     4  stm32f1xx_it.o(i.SysTick_Handler)
    SystemClock_Config                       0x08001e27   Thumb Code    94  main.o(i.SystemClock_Config)
    SystemInit                               0x08001e85   Thumb Code     2  system_stm32f1xx.o(i.SystemInit)
    UsageFault_Handler                       0x08001e87   Thumb Code     2  stm32f1xx_it.o(i.UsageFault_Handler)
    main                                     0x08001ea9   Thumb Code   404  main.o(i.main)
    AHBPrescTable                            0x08002062   Data          16  system_stm32f1xx.o(.constdata)
    Region$$Table$$Base                      0x08002080   Number         0  anon$$obj.o(Region$$Table)
    Region$$Table$$Limit                     0x080020a0   Number         0  anon$$obj.o(Region$$Table)
    Click_On                                 0x20000000   Data           1  main.o(.data)
    ReTransmit                               0x20000001   Data           1  main.o(.data)
    Value_Button                             0x20000004   Data           3  main.o(.data)
    Address_GateWay                          0x20000010   Data           8  main.o(.data)
    Address_NodeAir                          0x20000018   Data           8  main.o(.data)
    uwTickFreq                               0x20000020   Data           1  stm32f1xx_hal.o(.data)
    uwTickPrio                               0x20000024   Data           4  stm32f1xx_hal.o(.data)
    uwTick                                   0x20000028   Data           4  stm32f1xx_hal.o(.data)
    SystemCoreClock                          0x2000002c   Data           4  system_stm32f1xx.o(.data)
    hspi2                                    0x20000048   Data          88  main.o(.bss)
    Value_Air                                0x200000a0   Data          16  main.o(.bss)
    __libspace_start                         0x20000108   Data          96  libspace.o(.bss)
    __temporary_stack_top$libspace           0x20000168   Data           0  libspace.o(.bss)



==============================================================================

Memory Map of the image

  Image Entry point : 0x080000ed

  Load Region LR_IROM1 (Base: 0x08000000, Size: 0x000020e8, Max: 0x00010000, ABSOLUTE)

    Execution Region ER_IROM1 (Exec base: 0x08000000, Load base: 0x08000000, Size: 0x000020a0, Max: 0x00010000, ABSOLUTE)

    Exec Addr    Load Addr    Size         Type   Attr      Idx    E Section Name        Object

    0x08000000   0x08000000   0x000000ec   Data   RO            3    RESET               startup_stm32f103xb.o
    0x080000ec   0x080000ec   0x00000008   Code   RO         2061  * !!!main             c_w.l(__main.o)
    0x080000f4   0x080000f4   0x00000034   Code   RO         2270    !!!scatter          c_w.l(__scatter.o)
    0x08000128   0x08000128   0x0000001a   Code   RO         2272    !!handler_copy      c_w.l(__scatter_copy.o)
    0x08000142   0x08000142   0x00000002   PAD
    0x08000144   0x08000144   0x0000001c   Code   RO         2274    !!handler_zi        c_w.l(__scatter_zi.o)
    0x08000160   0x08000160   0x00000002   Code   RO         2200    .ARM.Collect$$libinit$$00000000  c_w.l(libinit.o)
    0x08000162   0x08000162   0x00000000   Code   RO         2133    .ARM.Collect$$libinit$$00000002  c_w.l(libinit2.o)
    0x08000162   0x08000162   0x00000000   Code   RO         2135    .ARM.Collect$$libinit$$00000004  c_w.l(libinit2.o)
    0x08000162   0x08000162   0x00000008   Code   RO         2136    .ARM.Collect$$libinit$$00000005  c_w.l(libinit2.o)
    0x0800016a   0x0800016a   0x00000000   Code   RO         2138    .ARM.Collect$$libinit$$0000000A  c_w.l(libinit2.o)
    0x0800016a   0x0800016a   0x00000000   Code   RO         2140    .ARM.Collect$$libinit$$0000000C  c_w.l(libinit2.o)
    0x0800016a   0x0800016a   0x00000000   Code   RO         2142    .ARM.Collect$$libinit$$0000000E  c_w.l(libinit2.o)
    0x0800016a   0x0800016a   0x00000000   Code   RO         2145    .ARM.Collect$$libinit$$00000011  c_w.l(libinit2.o)
    0x0800016a   0x0800016a   0x00000000   Code   RO         2147    .ARM.Collect$$libinit$$00000013  c_w.l(libinit2.o)
    0x0800016a   0x0800016a   0x00000000   Code   RO         2149    .ARM.Collect$$libinit$$00000015  c_w.l(libinit2.o)
    0x0800016a   0x0800016a   0x00000000   Code   RO         2151    .ARM.Collect$$libinit$$00000017  c_w.l(libinit2.o)
    0x0800016a   0x0800016a   0x00000000   Code   RO         2153    .ARM.Collect$$libinit$$00000019  c_w.l(libinit2.o)
    0x0800016a   0x0800016a   0x00000000   Code   RO         2155    .ARM.Collect$$libinit$$0000001B  c_w.l(libinit2.o)
    0x0800016a   0x0800016a   0x00000000   Code   RO         2157    .ARM.Collect$$libinit$$0000001D  c_w.l(libinit2.o)
    0x0800016a   0x0800016a   0x00000000   Code   RO         2159    .ARM.Collect$$libinit$$0000001F  c_w.l(libinit2.o)
    0x0800016a   0x0800016a   0x00000000   Code   RO         2161    .ARM.Collect$$libinit$$00000021  c_w.l(libinit2.o)
    0x0800016a   0x0800016a   0x00000000   Code   RO         2163    .ARM.Collect$$libinit$$00000023  c_w.l(libinit2.o)
    0x0800016a   0x0800016a   0x00000000   Code   RO         2165    .ARM.Collect$$libinit$$00000025  c_w.l(libinit2.o)
    0x0800016a   0x0800016a   0x00000000   Code   RO         2169    .ARM.Collect$$libinit$$0000002C  c_w.l(libinit2.o)
    0x0800016a   0x0800016a   0x00000000   Code   RO         2171    .ARM.Collect$$libinit$$0000002E  c_w.l(libinit2.o)
    0x0800016a   0x0800016a   0x00000000   Code   RO         2173    .ARM.Collect$$libinit$$00000030  c_w.l(libinit2.o)
    0x0800016a   0x0800016a   0x00000000   Code   RO         2175    .ARM.Collect$$libinit$$00000032  c_w.l(libinit2.o)
    0x0800016a   0x0800016a   0x00000002   Code   RO         2176    .ARM.Collect$$libinit$$00000033  c_w.l(libinit2.o)
    0x0800016c   0x0800016c   0x00000002   Code   RO         2267    .ARM.Collect$$libshutdown$$00000000  c_w.l(libshutdown.o)
    0x0800016e   0x0800016e   0x00000000   Code   RO         2223    .ARM.Collect$$libshutdown$$00000002  c_w.l(libshutdown2.o)
    0x0800016e   0x0800016e   0x00000000   Code   RO         2225    .ARM.Collect$$libshutdown$$00000004  c_w.l(libshutdown2.o)
    0x0800016e   0x0800016e   0x00000000   Code   RO         2228    .ARM.Collect$$libshutdown$$00000007  c_w.l(libshutdown2.o)
    0x0800016e   0x0800016e   0x00000000   Code   RO         2231    .ARM.Collect$$libshutdown$$0000000A  c_w.l(libshutdown2.o)
    0x0800016e   0x0800016e   0x00000000   Code   RO         2233    .ARM.Collect$$libshutdown$$0000000C  c_w.l(libshutdown2.o)
    0x0800016e   0x0800016e   0x00000000   Code   RO         2236    .ARM.Collect$$libshutdown$$0000000F  c_w.l(libshutdown2.o)
    0x0800016e   0x0800016e   0x00000002   Code   RO         2237    .ARM.Collect$$libshutdown$$00000010  c_w.l(libshutdown2.o)
    0x08000170   0x08000170   0x00000000   Code   RO         2065    .ARM.Collect$$rtentry$$00000000  c_w.l(__rtentry.o)
    0x08000170   0x08000170   0x00000000   Code   RO         2099    .ARM.Collect$$rtentry$$00000002  c_w.l(__rtentry2.o)
    0x08000170   0x08000170   0x00000006   Code   RO         2111    .ARM.Collect$$rtentry$$00000004  c_w.l(__rtentry4.o)
    0x08000176   0x08000176   0x00000000   Code   RO         2101    .ARM.Collect$$rtentry$$00000009  c_w.l(__rtentry2.o)
    0x08000176   0x08000176   0x00000004   Code   RO         2102    .ARM.Collect$$rtentry$$0000000A  c_w.l(__rtentry2.o)
    0x0800017a   0x0800017a   0x00000000   Code   RO         2104    .ARM.Collect$$rtentry$$0000000C  c_w.l(__rtentry2.o)
    0x0800017a   0x0800017a   0x00000008   Code   RO         2105    .ARM.Collect$$rtentry$$0000000D  c_w.l(__rtentry2.o)
    0x08000182   0x08000182   0x00000002   Code   RO         2208    .ARM.Collect$$rtexit$$00000000  c_w.l(rtexit.o)
    0x08000184   0x08000184   0x00000000   Code   RO         2241    .ARM.Collect$$rtexit$$00000002  c_w.l(rtexit2.o)
    0x08000184   0x08000184   0x00000004   Code   RO         2242    .ARM.Collect$$rtexit$$00000003  c_w.l(rtexit2.o)
    0x08000188   0x08000188   0x00000006   Code   RO         2243    .ARM.Collect$$rtexit$$00000004  c_w.l(rtexit2.o)
    0x0800018e   0x0800018e   0x00000002   PAD
    0x08000190   0x08000190   0x00000000   Code   RO         2113    .emb_text           c_w.l(maybetermalloc1.o)
    0x08000190   0x08000190   0x00000040   Code   RO            4    .text               startup_stm32f103xb.o
    0x080001d0   0x080001d0   0x00000028   Code   RO         1995    .text               c_w.l(calloc.o)
    0x080001f8   0x080001f8   0x0000004e   Code   RO         1997    .text               c_w.l(h1_free.o)
    0x08000246   0x08000246   0x0000008a   Code   RO         2053    .text               c_w.l(rt_memcpy_v6.o)
    0x080002d0   0x080002d0   0x00000064   Code   RO         2055    .text               c_w.l(rt_memcpy_w.o)
    0x08000334   0x08000334   0x0000004e   Code   RO         2057    .text               c_w.l(rt_memclr_w.o)
    0x08000382   0x08000382   0x00000006   Code   RO         2059    .text               c_w.l(heapauxi.o)
    0x08000388   0x08000388   0x00000008   Code   RO         2069    .text               c_w.l(rt_heap_descriptor_intlibspace.o)
    0x08000390   0x08000390   0x00000004   Code   RO         2071    .text               c_w.l(hguard.o)
    0x08000394   0x08000394   0x0000008a   Code   RO         2073    .text               c_w.l(init_alloc.o)
    0x0800041e   0x0800041e   0x0000005e   Code   RO         2079    .text               c_w.l(h1_alloc.o)
    0x0800047c   0x0800047c   0x00000044   Code   RO         2093    .text               c_w.l(rt_memclr.o)
    0x080004c0   0x080004c0   0x00000008   Code   RO         2095    .text               c_w.l(libspace.o)
    0x080004c8   0x080004c8   0x0000000e   Code   RO         2115    .text               c_w.l(h1_init.o)
    0x080004d6   0x080004d6   0x00000034   Code   RO         2117    .text               c_w.l(h1_extend.o)
    0x0800050a   0x0800050a   0x0000000e   Code   RO         2123    .text               c_w.l(defsig_rtmem_outer.o)
    0x08000518   0x08000518   0x0000004a   Code   RO         2179    .text               c_w.l(sys_stackheap_outer.o)
    0x08000562   0x08000562   0x00000012   Code   RO         2187    .text               c_w.l(exit.o)
    0x08000574   0x08000574   0x0000000a   Code   RO         2189    .text               c_w.l(defsig_exit.o)
    0x0800057e   0x0800057e   0x00000002   PAD
    0x08000580   0x08000580   0x00000050   Code   RO         2191    .text               c_w.l(defsig_rtmem_inner.o)
    0x080005d0   0x080005d0   0x0000000c   Code   RO         2203    .text               c_w.l(sys_exit.o)
    0x080005dc   0x080005dc   0x00000002   Code   RO         2205    .text               c_w.l(use_no_semi.o)
    0x080005de   0x080005de   0x00000000   Code   RO         2207    .text               c_w.l(indicate_semi.o)
    0x080005de   0x080005de   0x00000032   Code   RO         2216    .text               c_w.l(defsig_general.o)
    0x08000610   0x08000610   0x0000000e   Code   RO         2238    .text               c_w.l(sys_wrch.o)
    0x0800061e   0x0800061e   0x00000002   Code   RO          166    i.BusFault_Handler  stm32f1xx_it.o
    0x08000620   0x08000620   0x00000002   Code   RO          167    i.DebugMon_Handler  stm32f1xx_it.o
    0x08000622   0x08000622   0x00000002   PAD
    0x08000624   0x08000624   0x00000024   Code   RO          642    i.HAL_Delay         stm32f1xx_hal.o
    0x08000648   0x08000648   0x000001e0   Code   RO          952    i.HAL_GPIO_Init     stm32f1xx_hal_gpio.o
    0x08000828   0x08000828   0x0000000a   Code   RO          954    i.HAL_GPIO_ReadPin  stm32f1xx_hal_gpio.o
    0x08000832   0x08000832   0x00000010   Code   RO          955    i.HAL_GPIO_TogglePin  stm32f1xx_hal_gpio.o
    0x08000842   0x08000842   0x0000000a   Code   RO          956    i.HAL_GPIO_WritePin  stm32f1xx_hal_gpio.o
    0x0800084c   0x0800084c   0x0000000c   Code   RO          646    i.HAL_GetTick       stm32f1xx_hal.o
    0x08000858   0x08000858   0x00000010   Code   RO          652    i.HAL_IncTick       stm32f1xx_hal.o
    0x08000868   0x08000868   0x00000024   Code   RO          653    i.HAL_Init          stm32f1xx_hal.o
    0x0800088c   0x0800088c   0x00000040   Code   RO          654    i.HAL_InitTick      stm32f1xx_hal.o
    0x080008cc   0x080008cc   0x0000003c   Code   RO          241    i.HAL_MspInit       stm32f1xx_hal_msp.o
    0x08000908   0x08000908   0x00000040   Code   RO         1118    i.HAL_NVIC_SetPriority  stm32f1xx_hal_cortex.o
    0x08000948   0x08000948   0x00000024   Code   RO         1119    i.HAL_NVIC_SetPriorityGrouping  stm32f1xx_hal_cortex.o
    0x0800096c   0x0800096c   0x0000012c   Code   RO          810    i.HAL_RCC_ClockConfig  stm32f1xx_hal_rcc.o
    0x08000a98   0x08000a98   0x0000004c   Code   RO          819    i.HAL_RCC_GetSysClockFreq  stm32f1xx_hal_rcc.o
    0x08000ae4   0x08000ae4   0x00000320   Code   RO          822    i.HAL_RCC_OscConfig  stm32f1xx_hal_rcc.o
    0x08000e04   0x08000e04   0x000000b2   Code   RO          324    i.HAL_SPI_Init      stm32f1xx_hal_spi.o
    0x08000eb6   0x08000eb6   0x00000002   PAD
    0x08000eb8   0x08000eb8   0x00000074   Code   RO          243    i.HAL_SPI_MspInit   stm32f1xx_hal_msp.o
    0x08000f2c   0x08000f2c   0x00000156   Code   RO          327    i.HAL_SPI_Receive   stm32f1xx_hal_spi.o
    0x08001082   0x08001082   0x0000016e   Code   RO          332    i.HAL_SPI_Transmit  stm32f1xx_hal_spi.o
    0x080011f0   0x080011f0   0x000001ee   Code   RO          333    i.HAL_SPI_TransmitReceive  stm32f1xx_hal_spi.o
    0x080013de   0x080013de   0x00000028   Code   RO         1123    i.HAL_SYSTICK_Config  stm32f1xx_hal_cortex.o
    0x08001406   0x08001406   0x00000002   Code   RO          168    i.HardFault_Handler  stm32f1xx_it.o
    0x08001408   0x08001408   0x000000e0   Code   RO           14    i.MX_GPIO_Init      main.o
    0x080014e8   0x080014e8   0x00000040   Code   RO           15    i.MX_SPI2_Init      main.o
    0x08001528   0x08001528   0x00000002   Code   RO          169    i.MemManage_Handler  stm32f1xx_it.o
    0x0800152a   0x0800152a   0x00000002   Code   RO          170    i.NMI_Handler       stm32f1xx_it.o
    0x0800152c   0x0800152c   0x0000002c   Code   RO         1686    i.NRF24_ACTIVATE_cmd  my_nrf24.o
    0x08001558   0x08001558   0x00000006   Code   RO         1687    i.NRF24_Available   my_nrf24.o
    0x0800155e   0x0800155e   0x00000030   Code   RO         1688    i.NRF24_AvailablePipe  my_nrf24.o
    0x0800158e   0x0800158e   0x00000002   PAD
    0x08001590   0x08001590   0x0000018c   Code   RO         1689    i.NRF24_Begin       my_nrf24.o
    0x0800171c   0x0800171c   0x00000028   Code   RO         1692    i.NRF24_DisableDynamicPayloads  my_nrf24.o
    0x08001744   0x08001744   0x0000004c   Code   RO         1694    i.NRF24_EnableDynamicPayloads  my_nrf24.o
    0x08001790   0x08001790   0x00000006   Code   RO         1698    i.NRF24_GetDynamicPayloadSize  my_nrf24.o
    0x08001796   0x08001796   0x00000002   PAD
    0x08001798   0x08001798   0x00000058   Code   RO         1703    i.NRF24_OpenReadingPipe  my_nrf24.o
    0x080017f0   0x080017f0   0x0000002c   Code   RO         1704    i.NRF24_OpenWritingPipe  my_nrf24.o
    0x0800181c   0x0800181c   0x00000016   Code   RO         1705    i.NRF24_PowerDown   my_nrf24.o
    0x08001832   0x08001832   0x00000024   Code   RO         1707    i.NRF24_Read        my_nrf24.o
    0x08001856   0x08001856   0x00000008   Code   RO         1708    i.NRF24_ResetStatus  my_nrf24.o
    0x0800185e   0x0800185e   0x0000000e   Code   RO         1709    i.NRF24_SetAutoAck  my_nrf24.o
    0x0800186c   0x0800186c   0x00000028   Code   RO         1711    i.NRF24_SetCRCLength  my_nrf24.o
    0x08001894   0x08001894   0x0000000e   Code   RO         1712    i.NRF24_SetChannel  my_nrf24.o
    0x080018a2   0x080018a2   0x00000002   PAD
    0x080018a4   0x080018a4   0x0000005c   Code   RO         1713    i.NRF24_SetDataRate  my_nrf24.o
    0x08001900   0x08001900   0x0000003c   Code   RO         1714    i.NRF24_SetPALevel  my_nrf24.o
    0x0800193c   0x0800193c   0x00000010   Code   RO         1715    i.NRF24_SetPayloadSize  my_nrf24.o
    0x0800194c   0x0800194c   0x0000000e   Code   RO         1716    i.NRF24_SetRetries  my_nrf24.o
    0x0800195a   0x0800195a   0x00000002   PAD
    0x0800195c   0x0800195c   0x00000044   Code   RO         1717    i.NRF24_StartListening  my_nrf24.o
    0x080019a0   0x080019a0   0x0000004a   Code   RO         1718    i.NRF24_StartWrite  my_nrf24.o
    0x080019ea   0x080019ea   0x00000014   Code   RO         1719    i.NRF24_StopListening  my_nrf24.o
    0x080019fe   0x080019fe   0x00000032   Code   RO         1722    i.NRF24_WhatHappened  my_nrf24.o
    0x08001a30   0x08001a30   0x00000064   Code   RO         1723    i.NRF24_Write       my_nrf24.o
    0x08001a94   0x08001a94   0x00000014   Code   RO         1725    i.NRF24_ce          my_nrf24.o
    0x08001aa8   0x08001aa8   0x00000014   Code   RO         1726    i.NRF24_csn         my_nrf24.o
    0x08001abc   0x08001abc   0x00000008   Code   RO         1727    i.NRF24_flush_rx    my_nrf24.o
    0x08001ac4   0x08001ac4   0x00000008   Code   RO         1728    i.NRF24_flush_tx    my_nrf24.o
    0x08001acc   0x08001acc   0x00000006   Code   RO         1729    i.NRF24_get_status  my_nrf24.o
    0x08001ad2   0x08001ad2   0x00000002   PAD
    0x08001ad4   0x08001ad4   0x00000044   Code   RO         1730    i.NRF24_read_payload  my_nrf24.o
    0x08001b18   0x08001b18   0x00000040   Code   RO         1731    i.NRF24_read_register  my_nrf24.o
    0x08001b58   0x08001b58   0x0000003c   Code   RO         1732    i.NRF24_read_registerN  my_nrf24.o
    0x08001b94   0x08001b94   0x00000038   Code   RO         1733    i.NRF24_write_payload  my_nrf24.o
    0x08001bcc   0x08001bcc   0x00000030   Code   RO         1734    i.NRF24_write_register  my_nrf24.o
    0x08001bfc   0x08001bfc   0x0000003c   Code   RO         1735    i.NRF24_write_registerN  my_nrf24.o
    0x08001c38   0x08001c38   0x00000002   Code   RO          171    i.PendSV_Handler    stm32f1xx_it.o
    0x08001c3a   0x08001c3a   0x00000002   PAD
    0x08001c3c   0x08001c3c   0x000000b0   Code   RO           16    i.Read_And_Control  main.o
    0x08001cec   0x08001cec   0x0000005c   Code   RO          361    i.SPI_EndRxTransaction  stm32f1xx_hal_spi.o
    0x08001d48   0x08001d48   0x00000020   Code   RO          362    i.SPI_EndRxTxTransaction  stm32f1xx_hal_spi.o
    0x08001d68   0x08001d68   0x000000b8   Code   RO          367    i.SPI_WaitFlagStateUntilTimeout  stm32f1xx_hal_spi.o
    0x08001e20   0x08001e20   0x00000002   Code   RO          172    i.SVC_Handler       stm32f1xx_it.o
    0x08001e22   0x08001e22   0x00000004   Code   RO          173    i.SysTick_Handler   stm32f1xx_it.o
    0x08001e26   0x08001e26   0x0000005e   Code   RO           17    i.SystemClock_Config  main.o
    0x08001e84   0x08001e84   0x00000002   Code   RO         1649    i.SystemInit        system_stm32f1xx.o
    0x08001e86   0x08001e86   0x00000002   Code   RO          174    i.UsageFault_Handler  stm32f1xx_it.o
    0x08001e88   0x08001e88   0x00000020   Code   RO         1125    i.__NVIC_SetPriority  stm32f1xx_hal_cortex.o
    0x08001ea8   0x08001ea8   0x000001a8   Code   RO           18    i.main              main.o
    0x08002050   0x08002050   0x00000012   Data   RO          823    .constdata          stm32f1xx_hal_rcc.o
    0x08002062   0x08002062   0x00000010   Data   RO         1650    .constdata          system_stm32f1xx.o
    0x08002072   0x08002072   0x0000000d   Data   RO         1737    .constdata          my_nrf24.o
    0x0800207f   0x0800207f   0x00000001   PAD
    0x08002080   0x08002080   0x00000020   Data   RO         2268    Region$$Table       anon$$obj.o


    Execution Region RW_IRAM1 (Exec base: 0x20000000, Load base: 0x080020a0, Size: 0x00000768, Max: 0x00005000, ABSOLUTE)

    Exec Addr    Load Addr    Size         Type   Attr      Idx    E Section Name        Object

    0x20000000   0x080020a0   0x00000020   Data   RW           20    .data               main.o
    0x20000020   0x080020c0   0x0000000c   Data   RW          660    .data               stm32f1xx_hal.o
    0x2000002c   0x080020cc   0x00000004   Data   RW         1652    .data               system_stm32f1xx.o
    0x20000030   0x080020d0   0x00000018   Data   RW         1738    .data               my_nrf24.o
    0x20000048        -       0x00000068   Zero   RW           19    .bss                main.o
    0x200000b0        -       0x00000058   Zero   RW         1736    .bss                my_nrf24.o
    0x20000108        -       0x00000060   Zero   RW         2096    .bss                c_w.l(libspace.o)
    0x20000168        -       0x00000200   Zero   RW            2    HEAP                startup_stm32f103xb.o
    0x20000368        -       0x00000400   Zero   RW            1    STACK               startup_stm32f103xb.o


==============================================================================

Image component sizes


      Code (inc. data)   RO Data    RW Data    ZI Data      Debug   Object Name

       982         58          0         32        104     395490   main.o
      1794        106         13         24         88      21644   my_nrf24.o
        64         26        236          0       1536        808   startup_stm32f103xb.o
       164         28          0         12          0       5877   stm32f1xx_hal.o
       172         14          0          0          0      28270   stm32f1xx_hal_cortex.o
       516         34          0          0          0       4112   stm32f1xx_hal_gpio.o
       176         22          0          0          0       1552   stm32f1xx_hal_msp.o
      1176         60         18          0          0       3974   stm32f1xx_hal_rcc.o
      1688          4          0          0          0       8162   stm32f1xx_hal_spi.o
        20          0          0          0          0       3842   stm32f1xx_it.o
         2          0         16          4          0       1107   system_stm32f1xx.o

    ----------------------------------------------------------------------
      6770        352        316         72       1728     474838   Object Totals
         0          0         32          0          0          0   (incl. Generated)
        16          0          1          0          0          0   (incl. Padding)

    ----------------------------------------------------------------------

      Code (inc. data)   RO Data    RW Data    ZI Data      Debug   Library Member Name

         8          0          0          0          0         68   __main.o
         0          0          0          0          0          0   __rtentry.o
        12          0          0          0          0          0   __rtentry2.o
         6          0          0          0          0          0   __rtentry4.o
        52          8          0          0          0          0   __scatter.o
        26          0          0          0          0          0   __scatter_copy.o
        28          0          0          0          0          0   __scatter_zi.o
        40          0          0          0          0         80   calloc.o
        10          0          0          0          0         68   defsig_exit.o
        50          0          0          0          0         88   defsig_general.o
        80         58          0          0          0         76   defsig_rtmem_inner.o
        14          0          0          0          0         80   defsig_rtmem_outer.o
        18          0          0          0          0         80   exit.o
        94          0          0          0          0         80   h1_alloc.o
        52          0          0          0          0         68   h1_extend.o
        78          0          0          0          0         80   h1_free.o
        14          0          0          0          0         84   h1_init.o
         6          0          0          0          0        152   heapauxi.o
         4          0          0          0          0        136   hguard.o
         0          0          0          0          0          0   indicate_semi.o
       138          0          0          0          0        168   init_alloc.o
         2          0          0          0          0          0   libinit.o
        10          0          0          0          0          0   libinit2.o
         2          0          0          0          0          0   libshutdown.o
         2          0          0          0          0          0   libshutdown2.o
         8          4          0          0         96         68   libspace.o
         0          0          0          0          0          0   maybetermalloc1.o
         8          4          0          0          0         68   rt_heap_descriptor_intlibspace.o
        68          0          0          0          0         68   rt_memclr.o
        78          0          0          0          0         80   rt_memclr_w.o
       138          0          0          0          0         68   rt_memcpy_v6.o
       100          0          0          0          0         80   rt_memcpy_w.o
         2          0          0          0          0          0   rtexit.o
        10          0          0          0          0          0   rtexit2.o
        12          4          0          0          0         68   sys_exit.o
        74          0          0          0          0         80   sys_stackheap_outer.o
        14          0          0          0          0         76   sys_wrch.o
         2          0          0          0          0         68   use_no_semi.o

    ----------------------------------------------------------------------
      1266         78          0          0         96       2032   Library Totals
         6          0          0          0          0          0   (incl. Padding)

    ----------------------------------------------------------------------

      Code (inc. data)   RO Data    RW Data    ZI Data      Debug   Library Name

      1260         78          0          0         96       2032   c_w.l

    ----------------------------------------------------------------------
      1266         78          0          0         96       2032   Library Totals

    ----------------------------------------------------------------------

==============================================================================


      Code (inc. data)   RO Data    RW Data    ZI Data      Debug   

      8036        430        316         72       1824     472134   Grand Totals
      8036        430        316         72       1824     472134   ELF Image Totals
      8036        430        316         72          0          0   ROM Totals

==============================================================================

    Total RO  Size (Code + RO Data)                 8352 (   8.16kB)
    Total RW  Size (RW Data + ZI Data)              1896 (   1.85kB)
    Total ROM Size (Code + RO Data + RW Data)       8424 (   8.23kB)

==============================================================================

